+++++++++++++++++++++++
ostryalabs@ostryalabs-5:~/Muralee/rails_projects/demo_app$ remote -v
remote: command not found
ostryalabs@ostryalabs-5:~/Muralee/rails_projects/demo_app$ git remote -v
origin	git@github.com:muraleem3/demo_app.git (fetch)
origin	git@github.com:muraleem3/demo_app.git (push)
ostryalabs@ostryalabs-5:~/Muralee/rails_projects/demo_app$ git remote rm origin
ostryalabs@ostryalabs-5:~/Muralee/rails_projects/demo_app$ git remote -v
ostryalabs@ostryalabs-5:~/Muralee/rails_projects/demo_app$ git init
Reinitialized existing Git repository in /home/ostryalabs/Muralee/rails_projects/demo_app/.git/
ostryalabs@ostryalabs-5:~/Muralee/rails_projects/demo_app$ git add .
ostryalabs@ostryalabs-5:~/Muralee/rails_projects/demo_app$ git commit -m "Iniate Repository For Demo_APP"
# On branch master
nothing to commit, working directory clean
ostryalabs@ostryalabs-5:~/Muralee/rails_projects/demo_app$ git status
# On branch master
nothing to commit, working directory clean
ostryalabs@ostryalabs-5:~/Muralee/rails_projects/demo_app$ git remote add origin git@github.com:muraleem3/demo_app.git
ostryalabs@ostryalabs-5:~/Muralee/rails_projects/demo_app$ git push origin master
To git@github.com:muraleem3/demo_app.git
 ! [rejected]        master -> master (fetch first)
error: failed to push some refs to 'git@github.com:muraleem3/demo_app.git'
hint: Updates were rejected because the remote contains work that you do
hint: not have locally. This is usually caused by another repository pushing
hint: to the same ref. You may want to first integrate the remote changes
hint: (e.g., 'git pull ...') before pushing again.
hint: See the 'Note about fast-forwards' in 'git push --help' for details.
+++++++++++++++++++++++
ostryalabs@ostryalabs-5:~/Muralee/rails_projects/demo_app$ git fetch origin master

warning: no common commits
remote: Reusing existing pack: 60, done.
remote: Total 60 (delta 0), reused 0 (delta 0)
Unpacking objects: 100% (60/60), done.
From github.com:muraleem3/demo_app
 * branch            master     -> FETCH_HEAD
 * [new branch]      master     -> origin/master
+++++++++++++++++++++++
ostryalabs@ostryalabs-5:~/Muralee/rails_projects/demo_app$ git merge origin/master 

Auto-merging config/routes.rb
CONFLICT (add/add): Merge conflict in config/routes.rb
Auto-merging config/initializers/session_store.rb
CONFLICT (add/add): Merge conflict in config/initializers/session_store.rb
Auto-merging config/initializers/secret_token.rb
CONFLICT (add/add): Merge conflict in config/initializers/secret_token.rb
Auto-merging config/environments/test.rb
CONFLICT (add/add): Merge conflict in config/environments/test.rb
Auto-merging config/environments/production.rb
CONFLICT (add/add): Merge conflict in config/environments/production.rb
Auto-merging config/environments/development.rb
CONFLICT (add/add): Merge conflict in config/environments/development.rb
Auto-merging config/environment.rb
CONFLICT (add/add): Merge conflict in config/environment.rb
Auto-merging config/application.rb
CONFLICT (add/add): Merge conflict in config/application.rb
Auto-merging app/views/layouts/application.html.erb
CONFLICT (add/add): Merge conflict in app/views/layouts/application.html.erb
Auto-merging Rakefile
CONFLICT (add/add): Merge conflict in Rakefile
Automatic merge failed; fix conflicts and then commit the result.
+++++++++++++++++++++++
ostryalabs@ostryalabs-5:~/Muralee/rails_projects/demo_app$ git status
# On branch master
# You have unmerged paths.
#   (fix conflicts and run "git commit")
#
# Unmerged paths:
#   (use "git add <file>..." to mark resolution)
#
#	both added:         Rakefile
#	both added:         app/views/layouts/application.html.erb
#	both added:         config/application.rb
#	both added:         config/environment.rb
#	both added:         config/environments/development.rb
#	both added:         config/environments/production.rb
#	both added:         config/environments/test.rb
#	both added:         config/initializers/secret_token.rb
#	both added:         config/initializers/session_store.rb
#	both added:         config/routes.rb
#
no changes added to commit (use "git add" and/or "git commit -a")

++++++++++++++++++++++++++++++++++++

ostryalabs@ostryalabs-5:~/Muralee/rails_projects/demo_app$ git diff
diff --cc Rakefile
index 887c02d,d10a40d..0000000
--- a/Rakefile
+++ b/Rakefile
@@@ -3,4 -3,4 +3,8 @@@
  
  require File.expand_path('../config/application', __FILE__)
  
++<<<<<<< HEAD
 +DemoApp::Application.load_tasks
++=======
+ FirstApp::Application.load_tasks
++>>>>>>> origin/master
diff --cc app/views/layouts/application.html.erb
index 2598bde,1d2b489..0000000
--- a/app/views/layouts/application.html.erb
+++ b/app/views/layouts/application.html.erb
@@@ -1,7 -1,7 +1,9 @@@
  <!DOCTYPE html>
  <html>
  <head>
 -  <title>FirstApp</title>
++<<<<<<< HEAD
 +  <title>DemoApp</title>
++>>>>>>> origin/master
    <%= stylesheet_link_tag    "application", media: "all", "data-turbolinks-track" => true %>
    <%= javascript_include_tag "application", "data-turbolinks-track" => true %>
    <%= csrf_meta_tags %>
diff --cc config/application.rb
index c3f3c1f,fe1d970..0000000
--- a/config/application.rb
+++ b/config/application.rb
@@@ -6,7 -6,7 +6,9 @@@ require 'rails/all
  # you've limited to :test, :development, or :production.
  Bundler.require(:default, Rails.env)
  
 -module FirstApp
++<<<<<<< HEAD
 +module DemoApp
++>>>>>>> origin/master
    class Application < Rails::Application
      # Settings in config/environments/* take precedence over those specified here.
      # Application configuration should go into files in config/initializers
diff --cc config/environment.rb
index f3bf7df,2b43b64..0000000
--- a/config/environment.rb
+++ b/config/environment.rb
@@@ -2,4 -2,4 +2,6 @@@
  require File.expand_path('../application', __FILE__)
  
  # Initialize the Rails application.
 -FirstApp::Application.initialize!
++<<<<<<< HEAD
 +DemoApp::Application.initialize!
++>>>>>>> origin/master
diff --cc config/environments/development.rb
index 0bac43b,40f038c..0000000
--- a/config/environments/development.rb
+++ b/config/environments/development.rb
@@@ -1,4 -1,4 +1,6 @@@
 -FirstApp::Application.configure do
++<<<<<<< HEAD
 +DemoApp::Application.configure do
++>>>>>>> origin/master
    # Settings specified here will take precedence over those in config/application.rb.
  
    # In the development environment your application's code is reloaded on
diff --cc config/environments/production.rb
index bec4504,d592d29..0000000
--- a/config/environments/production.rb
+++ b/config/environments/production.rb
@@@ -1,4 -1,4 +1,6 @@@
 -FirstApp::Application.configure do
++<<<<<<< HEAD
 +DemoApp::Application.configure do
++>>>>>>> origin/master
    # Settings specified here will take precedence over those in config/application.rb.
  
    # Code is not reloaded between requests.
diff --cc config/environments/test.rb
index 33b94d3,e74f6f4..0000000
--- a/config/environments/test.rb
+++ b/config/environments/test.rb
@@@ -1,4 -1,4 +1,6 @@@
 -FirstApp::Application.configure do
++<<<<<<< HEAD
 +DemoApp::Application.configure do
++>>>>>>> origin/master
    # Settings specified here will take precedence over those in config/application.rb.
  
    # The test environment is used exclusively to run your application's
diff --cc config/initializers/secret_token.rb
index 4b6b0bb,9b0e28d..0000000
--- a/config/initializers/secret_token.rb
+++ b/config/initializers/secret_token.rb
@@@ -9,4 -9,4 +9,6 @@@
  
  # Make sure your secret_key_base is kept private
  # if you're sharing your code publicly.
 -FirstApp::Application.config.secret_key_base = 'def71ae99dbefd9071b7261c5662bc3e9f70b0920e7b8
++<<<<<<< HEAD
 +DemoApp::Application.config.secret_key_base = '5dc05fd5bb521689d3560e76a3ff8ef7242715ed5adbc5
++>>>>>>> origin/master
diff --cc config/initializers/session_store.rb
index 51a7e00,c7b194e..0000000
--- a/config/initializers/session_store.rb
+++ b/config/initializers/session_store.rb
diff --cc config/routes.rb
index a19c64c,3c8032a..0000000
--- a/config/routes.rb
+++ b/config/routes.rb
@@@ -1,4 -1,4 +1,6 @@@
 -FirstApp::Application.routes.draw do
++<<<<<<< HEAD
 +DemoApp::Application.routes.draw do
++>>>>>>> origin/master
    # The priority is based upon order of creation: first created -> highest priority.
    # See how all your routes lay out with "rake routes".

++++++++++++++++++++++++++++++++++++
  
ostryalabs@ostryalabs-5:~/Muralee/rails_projects/demo_app$ 
ostryalabs@ostryalabs-5:~/Muralee/rails_projects/demo_app$ git add -i
\           staged     unstaged path
  1:        +0/-0        +4/-0 Rakefile
  2:        +0/-0        +2/-0 app/views/layouts/application.html.erb
  3:        +0/-0        +2/-0 config/application.rb
  4:        +0/-0        +2/-0 config/environment.rb
  5:        +0/-0        +2/-0 config/environments/development.rb
  6:        +0/-0        +2/-0 config/environments/production.rb
  7:        +0/-0        +2/-0 config/environments/test.rb
  8:        +0/-0        +2/-0 config/initializers/secret_token.rb
  9:        +0/-0        +0/-0 config/initializers/session_store.rb
 10:        +0/-0        +2/-0 config/routes.rb

*** Commands ***
  1: status	  2: update	  3: revert	  4: add untracked
  5: patch	  6: diff	  7: quit	  8: help
What now> q
Unrecognized escape \q passed through in regex; marked by <-- HERE in m/^\q <-- HERE / at /usr/lib/git-core/git-add--interactive line 399, <STDIN> line 1.
Bye.
ostryalabs@ostryalabs-5:~/Muralee/rails_projects/demo_app$ 


++++++++++++++++++++++++++++++++++++

ostryalabs@ostryalabs-5:~/Muralee/rails_projects/demo_app$ git status
# On branch master
# You have unmerged paths.
#   (fix conflicts and run "git commit")
#
# Unmerged paths:
#   (use "git add <file>..." to mark resolution)
#
#	both added:         Rakefile
#	both added:         app/views/layouts/application.html.erb
#	both added:         config/application.rb
#	both added:         config/environment.rb
#	both added:         config/environments/development.rb
#	both added:         config/environments/production.rb
#	both added:         config/environments/test.rb
#	both added:         config/initializers/secret_token.rb
#	both added:         config/initializers/session_store.rb
#	both added:         config/routes.rb
#
no changes added to commit (use "git add" and/or "git commit -a")
++++++++++++++++++++++++++++++++++++
ostryalabs@ostryalabs-5:~/Muralee/rails_projects/demo_app$ git diff
diff --cc Rakefile
index 887c02d,d10a40d..0000000
--- a/Rakefile
+++ b/Rakefile
@@@ -3,4 -3,4 +3,8 @@@
  
  require File.expand_path('../config/application', __FILE__)
  
++<<<<<<< HEAD
 +DemoApp::Application.load_tasks
++=======
+ FirstApp::Application.load_tasks
++>>>>>>> origin/master
diff --cc app/views/layouts/application.html.erb
index 2598bde,1d2b489..0000000
--- a/app/views/layouts/application.html.erb
  require File.expand_path('../config/application', __FILE__)
  
++<<<<<<< HEAD
 +DemoApp::Application.load_tasks
++=======
+ FirstApp::Application.load_tasks
++>>>>>>> origin/master
diff --cc app/views/layouts/application.html.erb
index 2598bde,1d2b489..0000000
--- a/app/views/layouts/application.html.erb
+++ b/app/views/layouts/application.html.erb
@@@ -1,7 -1,7 +1,9 @@@
  <!DOCTYPE html>
  <html>
  <head>
 -  <title>FirstApp</title>
++
 +  <title>DemoApp</title>
++
    <%= stylesheet_link_tag    "application", media: "all", "data-turbolinks-track" => true %>
    <%= javascript_include_tag "application", "data-turbolinks-track" => true %>
    <%= csrf_meta_tags %>
diff --cc config/application.rb
index c3f3c1f,fe1d970..0000000
--- a/config/application.rb
+++ b/config/application.rb
@@@ -6,7 -6,7 +6,9 @@@ require 'rails/all
  # you've limited to :test, :development, or :production.
  Bundler.require(:default, Rails.env)
  
 -module FirstApp
++
 +module DemoApp
++
    class Application < Rails::Application
      # Settings in config/environments/* take precedence over those specified here.
      # Application configuration should go into files in config/initializers
diff --cc config/environment.rb
index f3bf7df,2b43b64..0000000
--- a/config/environment.rb
+++ b/config/environment.rb
@@@ -2,4 -2,4 +2,6 @@@
  require File.expand_path('../application', __FILE__)
  
  # Initialize the Rails application.
 -FirstApp::Application.initialize!
++
 +DemoApp::Application.initialize!
++
diff --cc config/environments/development.rb
index 0bac43b,40f038c..0000000
--- a/config/environments/development.rb
+++ b/config/environments/development.rb
@@@ -1,4 -1,4 +1,6 @@@
 -FirstApp::Application.configure do
++
 +DemoApp::Application.configure do
++
    # Settings specified here will take precedence over those in config/application.rb.
  
    # In the development environment your application's code is reloaded on
diff --cc config/environments/production.rb
index bec4504,d592d29..0000000
--- a/config/environments/production.rb
+++ b/config/environments/production.rb
@@@ -1,4 -1,4 +1,6 @@@
 -FirstApp::Application.configure do
++
 +DemoApp::Application.configure do
++
    # Settings specified here will take precedence over those in config/application.rb.
  
    # Code is not reloaded between requests.
diff --cc config/environments/test.rb
index 33b94d3,e74f6f4..0000000
--- a/config/environments/test.rb
+++ b/config/environments/test.rb
@@@ -1,4 -1,4 +1,6 @@@
 -FirstApp::Application.configure do
++
 +DemoApp::Application.configure do
++
    # Settings specified here will take precedence over those in config/application.rb.
  
    # The test environment is used exclusively to run your application's
diff --cc config/initializers/secret_token.rb
index 4b6b0bb,9b0e28d..0000000
--- a/config/initializers/secret_token.rb
+++ b/config/initializers/secret_token.rb
@@@ -9,4 -9,4 +9,6 @@@
  
  # Make sure your secret_key_base is kept private
  # if you're sharing your code publicly.
 -FirstApp::Application.config.secret_key_base = 'def71ae99dbefd9071b7261c5662bc3e9f70b0920e7b8
++
 +DemoApp::Application.config.secret_key_base = '5dc05fd5bb521689d3560e76a3ff8ef7242715ed5adbc5
++
diff --cc config/initializers/session_store.rb
index 51a7e00,c7b194e..0000000
--- a/config/initializers/session_store.rb
+++ b/config/initializers/session_store.rb
diff --cc config/routes.rb
index a19c64c,3c8032a..0000000
--- a/config/routes.rb
+++ b/config/routes.rb
@@@ -1,4 -1,4 +1,6 @@@
 -FirstApp::Application.routes.draw do
++
 +DemoApp::Application.routes.draw do
++
    # The priority is based upon order of creation: first created -> highest priority.
    # See how all your routes lay out with "rake routes".

++++++++++++++++++++++++++++++++++++
  

ostryalabs@ostryalabs-5:~/Muralee/rails_projects/demo_app$ git add -i
           staged     unstaged path
  1:        +0/-0        +4/-0 Rakefile
  2:        +0/-0        +2/-0 app/views/layouts/application.html.erb
  3:        +0/-0        +2/-0 config/application.rb
  4:        +0/-0        +2/-0 config/environment.rb
  5:        +0/-0        +2/-0 config/environments/development.rb
  6:        +0/-0        +2/-0 config/environments/production.rb
  7:        +0/-0        +2/-0 config/environments/test.rb
  8:        +0/-0        +2/-0 config/initializers/secret_token.rb
  9:        +0/-0        +0/-0 config/initializers/session_store.rb
 10:        +0/-0        +2/-0 config/routes.rb

*** Commands ***
  1: status	  2: update	  3: revert	  4: add untracked
  5: patch	  6: diff	  7: quit	  8: help
What now> 2
           staged     unstaged path
  1:        +0/-0        +4/-0 Rakefile
  2:        +0/-0        +2/-0 app/views/layouts/application.html.erb
  3:        +0/-0        +2/-0 config/application.rb
  4:        +0/-0        +2/-0 config/environment.rb
  5:        +0/-0        +2/-0 config/environments/development.rb
  6:        +0/-0        +2/-0 config/environments/production.rb
  7:        +0/-0        +2/-0 config/environments/test.rb
  8:        +0/-0        +2/-0 config/initializers/secret_token.rb
  9:        +0/-0        +0/-0 config/initializers/session_store.rb
 10:        +0/-0        +2/-0 config/routes.rb
Update>> 1,2,3-10
           staged     unstaged path
* 1:        +0/-0        +4/-0 Rakefile
* 2:        +0/-0        +2/-0 app/views/layouts/application.html.erb
* 3:        +0/-0        +2/-0 config/application.rb
* 4:        +0/-0        +2/-0 config/environment.rb
* 5:        +0/-0        +2/-0 config/environments/development.rb
* 6:        +0/-0        +2/-0 config/environments/production.rb
* 7:        +0/-0        +2/-0 config/environments/test.rb
* 8:        +0/-0        +2/-0 config/initializers/secret_token.rb
* 9:        +0/-0        +0/-0 config/initializers/session_store.rb
*10:        +0/-0        +2/-0 config/routes.rb
Update>> 
updated 10 paths

*** Commands ***
  1: status	  2: update	  3: revert	  4: add untracked
  5: patch	  6: diff	  7: quit	  8: help
What now> q
Bye.
++++++++++++++++++++++++++++++++++++
ostryalabs@ostryalabs-5:~/Muralee/rails_projects/demo_app$ git status
# On branch master
# All conflicts fixed but you are still merging.
#   (use "git commit" to conclude merge)
#
# Changes to be committed:
#
#	modified:   Rakefile
#	modified:   app/views/layouts/application.html.erb
#	modified:   config/application.rb
#	modified:   config/environment.rb
#	modified:   config/environments/development.rb
#	modified:   config/environments/production.rb
#	modified:   config/environments/test.rb
#	modified:   config/initializers/secret_token.rb
#	modified:   config/routes.rb
#
++++++++++++++++++++++++++++++++++++
ostryalabs@ostryalabs-5:~/Muralee/rails_projects/demo_app$ git commit -m "for conflicts"
[master 1ea81c8] for conflicts
ostryalabs@ostryalabs-5:~/Muralee/rails_projects/demo_app$ git status
# On branch master
nothing to commit, working directory clean
ostryalabs@ostryalabs-5:~/Muralee/rails_projects/demo_app$ git log
commit 1ea81c82fdebf7820652b8ddfa3ef095f0691864
Merge: 02d3518 82c5b58
Author: Muralee Mohan <muraleem3@gmail.com>
Date:   Wed Mar 12 10:21:48 2014 +0530

    for conflicts

commit 02d35185e03928dc3ac541278817295ad72c2c79
Author: muraleem3 <muraleem3@gmail.com>
Date:   Tue Mar 11 12:56:38 2014 +0530

    Initial Commit For Demo App

commit 82c5b5829c18a5a9de565d83fa8d12f361b9a12c
Author: muraleem3 <muraleem3@gmail.com>
Date:   Tue Mar 11 12:03:57 2014 +0530

    Initialize repository
++++++++++++++++++++++++++++++++++++
ostryalabs@ostryalabs-5:~/Muralee/rails_projects/demo_app$ git remote -v
origin	git@github.com:muraleem3/demo_app.git (fetch)
origin	git@github.com:muraleem3/demo_app.git (push)
ostryalabs@ostryalabs-5:~/Muralee/rails_projects/demo_app$ git push origin master
Counting objects: 52, done.
Delta compression using up to 4 threads.
Compressing objects: 100% (31/31), done.
Writing objects: 100% (35/35), 2.87 KiB | 0 bytes/s, done.
Total 35 (delta 25), reused 0 (delta 0)
To git@github.com:muraleem3/demo_app.git
   82c5b58..1ea81c8  master -> master
++++++++++++++++++++++++++++++++++++
ostryalabs@ostryalabs-5:~/Muralee/rails_projects/demo_app$ git push origin master
Everything up-to-date
++++++++++++++++++++++++++++++++++++

