$ git config --global alias.co checkout
++++++++++++++++++++++++++++++++++++++++++++++
*Branch*
ostryalabs@ostryalabs-5:~/Muralee/rails_projects/demo_app$ git checkout -b 'modify-readme' 
Switched to a new branch 'modify-readme'
ostryalabs@ostryalabs-5:~/Muralee/rails_projects/demo_app$ git branch
  master
* modify-readme
++++++++++++++++++++++++++++++++++++++++++++++
*Edit*
$ git mv README.rdoc README.md
$ subl README.md

++++++++++++++++++++++++++++++++++++++++++++++
*Commit*
$ git status
# On branch modify-README
# Changes to be committed:
#   (use "git reset HEAD <file>..." to unstage)
#
#       renamed:    README.rdoc -> README.md
#
# Changed but not updated:
#   (use "git add <file>..." to update what will be committed)
#   (use "git checkout -- <file>..." to discard changes in working directory)
#
#       modified:   README.md
#

At this point, we could use git add . as in Section 1.3.2, but Git provides the -a flag as a shortcut for the (very

$ git commit -a -m "Improve the README file"
2 files changed, 5 insertions(+), 243 deletions(-)
delete mode 100644 README.rdoc
create mode 100644 README.md
++++++++++++++++++++++++++++++++++++++++++++++
*Merge*

$ git checkout master
Switched to branch 'master'
$ git merge modify-README
Updating 34f06b7..2c92bef
Fast forward
README.rdoc     |  243 --------------------------------------------------
README.md       |    5 +
2 files changed, 5 insertions(+), 243 deletions(-)
delete mode 100644 README.rdoc
create mode 100644 README.md

$ git branch -d modify-README
Deleted branch modify-README (was 2c92bef).

# For illustration only; don't do this unless you mess up a branch
$ git checkout -b topic-branch
$ <really screw up the branch>
$ git add .
$ git commit -a -m "Major screw up"
$ git checkout master
$ git branch -D topic-branch

Unlike the -d flag, the -D flag will delete the branch even though we haven’t merged in the changes


++++++++++++++++++++++++++++++++++++++++++++++
*Push*
git push

++++++++++++++++++++++++++++++++++++++++++++++
ostryalabs@ostryalabs-5:~/Muralee/rails_projects/sample_app (static_pages)$ git branch -D staticpages
Deleted branch staticpages (was bb852cd).
ostryalabs@ostryalabs-5:~/Muralee/rails_projects/sample_app (static_pages)$ git branch -D static-pages
Deleted branch static-pages (was d0570b4).
+++++++++++++++++++++++++++++++++++++++++++++++++++++


