ostryalabs@ostryalabs-5:~/Muralee$ heroku login
Enter your Heroku credentials.
Email: muraleem3@gmail.com
Password (typing will be hidden): 
Found existing public key: /home/ostryalabs/.ssh/id_rsa.pub
Uploading SSH public key /home/ostryalabs/.ssh/id_rsa.pub... done
Authentication successful.
++++++++++++++++++++++++++++++++++++++++++++++++++++++++++++++++++++
ostryalabs@ostryalabs-5:~/Muralee/rails_projects/demo_app (master)$ heroku create
Creating mysterious-atoll-1804... done, stack is cedar
http://mysterious-atoll-1804.herokuapp.com/ | git@heroku.com:mysterious-atoll-1804.git
Git remote heroku added
+++++++++++++++++++++++++++++++++++++++++++++++++++++++++++++++++++++++++++
ostryalabs@ostryalabs-5:~/Muralee/rails_projects/demo_app (master)$ git remote -v
heroku	git@heroku.com:mysterious-atoll-1804.git (fetch)
heroku	git@heroku.com:mysterious-atoll-1804.git (push)
origin	git@github.com:muraleem3/demo_app.git (fetch)
origin	git@github.com:muraleem3/demo_app.git (push)
+++++++++++++++++++++++++++++++++++++++++++++++++++++++++++++++++++++++++++
ostryalabs@ostryalabs-5:~/Muralee/rails_projects/demo_app (master)$ heroku --version 
heroku-toolbelt/3.4.3 (x86_64-linux) ruby/1.9.3
+++++++++++++++++++++++++++++++++++++++++++++++++++++++++++++++++++++++++++++++++
ostryalabs@ostryalabs-5:~/Muralee/rails_projects/demo_app (master)$ bundle install
Resolving dependencies...
Using rake (10.1.1)
Using i18n (0.6.9)
Using minitest (4.7.5)
Using multi_json (1.9.0)
Using atomic (1.1.15)
Using thread_safe (0.2.0)
Using tzinfo (0.3.39)
Using activesupport (4.0.3)
Using builder (3.1.4)
Using erubis (2.7.0)
Using rack (1.5.2)
Using rack-test (0.6.2)
Using actionpack (4.0.3)
Using mime-types (1.25.1)
Using polyglot (0.3.4)
Using treetop (1.4.15)
Using mail (2.5.4)
Using actionmailer (4.0.3)
Using activemodel (4.0.3)
Using activerecord-deprecated_finders (1.0.3)
Using arel (4.0.2)
Using activerecord (4.0.3)
Using bundler (1.5.3)
Using coffee-script-source (1.7.0)
Using execjs (2.0.2)
Using coffee-script (2.2.0)
Using thor (0.18.1)
Using railties (4.0.3)
Using coffee-rails (4.0.1)
Using hike (1.2.3)
Using jbuilder (1.5.3)
Using jquery-rails (3.1.0)
Using json (1.8.1)
Using tilt (1.4.1)
Using sprockets (2.11.0)
Using sprockets-rails (2.0.1)
Using rails (4.0.3)
Using rdoc (4.1.1)
Using sass (3.3.1)
Using sass-rails (4.0.1)
Using sdoc (0.4.0)
Using sqlite3 (1.3.9)
Using turbolinks (2.2.1)
Using uglifier (2.4.0)
Your bundle is complete!
Gems in the group production were not installed.
Use `bundle show [gemname]` to see where a bundled gem is installed.

+++++++++++++++++++++++++++++++++++++++++++++++

ostryalabs@ostryalabs-5:~/Muralee/rails_projects/demo_app (master)$ rake db:create
db/development.sqlite3 already exists
db/development.sqlite3 already exists
ostryalabs@ostryalabs-5:~/Muralee/rails_projects/demo_app (master)$ rake db:migrate

+++++++++++++++++++++++++++++++++++++++++++++++

ostryalabs@ostryalabs-5:~/Muralee/rails_projects/demo_app (master)$ git commit -a -m "Update Gemfile.lock for Heroku"
[master 94437a8] Update Gemfile.lock for Heroku
 3 files changed, 29 insertions(+), 14 deletions(-)

+++++++++++++++++++++++++++++++++++++++++++++++

ostryalabs@ostryalabs-5:~/Muralee/rails_projects/demo_app (master)$ heroku login
Enter your Heroku credentials.
Email: muraleem3@gmail.com
Password (typing will be hidden): 
Authentication successful.

+++++++++++++++++++++++++++++++++++++++++++++++

ostryalabs@ostryalabs-5:~/Muralee/rails_projects/demo_app (master)$ git push heroku master
Fetching repository, done.
Counting objects: 9, done.
Delta compression using up to 4 threads.
Compressing objects: 100% (5/5), done.
Writing objects: 100% (5/5), 649 bytes | 0 bytes/s, done.
Total 5 (delta 4), reused 0 (delta 0)

-----> Ruby app detected
-----> Compiling Ruby/Rails
-----> Using Ruby version: ruby-2.0.0
-----> Installing dependencies using 1.5.2
       Running: bundle install --without development:test --path vendor/bundle --binstubs vendor/bundle/bin -j4 --deployment
       Fetching gem metadata from https://rubygems.org/..........
       Fetching additional metadata from https://rubygems.org/..
       Using rake (10.1.1)
       Using multi_json (1.9.0)
       Using i18n (0.6.9)
       Using minitest (4.7.5)
       Using tzinfo (0.3.39)
       Using atomic (1.1.15)
       Using erubis (2.7.0)
       Using builder (3.1.4)
       Using rack (1.5.2)
       Using mime-types (1.25.1)
       Using polyglot (0.3.4)
       Using activerecord-deprecated_finders (1.0.3)
       Using arel (4.0.2)
       Using coffee-script-source (1.7.0)
       Using execjs (2.0.2)
       Using thor (0.18.1)
       Using hike (1.2.3)
       Using pg (0.15.1)
       Using json (1.8.1)
       Using tilt (1.4.1)
       Using bundler (1.5.2)
       Using sass (3.3.1)
       Using thread_safe (0.2.0)
       Using treetop (1.4.15)
       Using rack-test (0.6.2)
       Using coffee-script (2.2.0)
       Using rdoc (4.1.1)
       Using uglifier (2.4.0)
       Using sprockets (2.11.0)
       Using activesupport (4.0.3)
       Using mail (2.5.4)
       Using sdoc (0.4.0)
       Using actionpack (4.0.3)
       Using activemodel (4.0.3)
       Using jbuilder (1.5.3)
       Using actionmailer (4.0.3)
       Using railties (4.0.3)
       Using sprockets-rails (2.0.1)
       Using activerecord (4.0.3)
       Using coffee-rails (4.0.1)
       Using jquery-rails (3.1.0)
       Using rails (4.0.3)
       Using sass-rails (4.0.1)
       Using turbolinks (2.2.1)
       Installing rails_serve_static_assets (0.0.2)
       Installing rails_stdout_logging (0.0.3)
       Installing rails_12factor (0.0.2)
       Your bundle is complete!
       Gems in the groups development and test were not installed.
       It was installed into ./vendor/bundle
       Bundle completed (7.49s)
       Cleaning up the bundler cache.
-----> Writing config/database.yml to read from DATABASE_URL
-----> Preparing app for Rails asset pipeline
       Running: rake assets:precompile
       Asset precompilation completed (1.75s)
       Cleaning assets
       Running: rake assets:clean
-----> WARNINGS:
       You have not declared a Ruby version in your Gemfile.
       To set your Ruby version add this line to your Gemfile:
       ruby '2.0.0'
       # See https://devcenter.heroku.com/articles/ruby-versions for more information.
-----> Discovering process types
       Procfile declares types -> (none)
       Default types for Ruby  -> console, rake, web, worker

-----> Compressing... done, 21.4MB
-----> Launching... done, v7
       http://mysterious-atoll-1804.herokuapp.com/ deployed to Heroku

To git@heroku.com:mysterious-atoll-1804.git
   f46a8b4..94437a8  master -> master

+++++++++++++++++++++++++++++++++++++++++++++++
$ heroku open


+++++++++++++++++++++++++++++++++++++++++++++++
ostryalabs@ostryalabs-5:~/Muralee/rails_projects/sample_app (master)$ heroku run rake db:migrate
Running `rake db:migrate` attached to terminal... up, run.6764

+++++++++++++++++++++++++++++++++++++++++++++++

ostryalabs@ostryalabs-5:~/Muralee/rails_projects/sample_app (master)$ heroku logs
2014-03-20T06:27:17.701369+00:00 app[web.1]: 	/app/vendor/bundle/ruby/2.0.0/gems/railties-4.0.3/lib/rails/commands.rb:71:in `<top (required)>'
2014-03-20T06:27:17.701369+00:00 app[web.1]: => Rails 4.0.3 application starting in production on http://0.0.0.0:4537
2014-03-20T06:27:17.701369+00:00 app[web.1]: [2014-03-20 06:27:17] INFO  WEBrick::HTTPServer#start done.
2014-03-20T06:27:17.701369+00:00 app[web.1]: 	bin/rails:4:in `require'
2014-03-20T06:27:17.701369+00:00 app[web.1]: => Run `rails server -h` for more startup options
2014-03-20T06:27:17.701369+00:00 app[web.1]: => Ctrl-C to shutdown server
2014-03-20T06:27:17.701154+00:00 app[web.1]: 	/app/vendor/bundle/ruby/2.0.0/gems/rack-1.5.2/lib/rack/handler/webrick.rb:14:in `run'
2014-03-20T06:27:17.701154+00:00 app[web.1]: 	/app/vendor/ruby-2.0.0/lib/ruby/2.0.0/webrick/server.rb:170:in `block in start'
2014-03-20T06:27:17.701369+00:00 app[web.1]: 	bin/rails:4:in `<main>'
2014-03-20T06:27:17.701369+00:00 app[web.1]: Exiting
2014-03-20T06:27:17.701154+00:00 app[web.1]: 	/app/vendor/bundle/ruby/2.0.0/gems/rack-1.5.2/lib/rack/server.rb:264:in `start'
2014-03-20T06:27:17.430325+00:00 heroku[web.1]: Stopping all processes with SIGTERM
2014-03-20T06:27:17.701369+00:00 app[web.1]: [2014-03-20 06:27:17] INFO  going to shutdown ...
2014-03-20T06:27:18.052388+00:00 app[web.1]: [2014-03-20 06:27:18] FATAL SignalException: SIGTERM
2014-03-20T06:27:18.052388+00:00 app[web.1]: 	/app/vendor/ruby-2.0.0/lib/ruby/2.0.0/webrick/server.rb:170:in `select'
2014-03-20T06:27:18.052388+00:00 app[web.1]: 	/app/vendor/ruby-2.0.0/lib/ruby/2.0.0/webrick/server.rb:160:in `start'
2014-03-20T06:27:18.052388+00:00 app[web.1]: 	/app/vendor/bundle/ruby/2.0.0/gems/rack-1.5.2/lib/rack/handler/webrick.rb:14:in `run'
2014-03-20T06:27:18.052388+00:00 app[web.1]: 	/app/vendor/bundle/ruby/2.0.0/gems/rack-1.5.2/lib/rack/server.rb:264:in `start'
2014-03-20T06:27:18.052388+00:00 app[web.1]: 	/app/vendor/ruby-2.0.0/lib/ruby/2.0.0/webrick/server.rb:170:in `block in start'
2014-03-20T06:27:18.052388+00:00 app[web.1]: 	/app/vendor/ruby-2.0.0/lib/ruby/2.0.0/webrick/server.rb:32:in `start'
2014-03-20T06:27:18.052388+00:00 app[web.1]: 	/app/vendor/bundle/ruby/2.0.0/gems/railties-4.0.3/lib/rails/commands/server.rb:84:in `start'
2014-03-20T06:27:18.052388+00:00 app[web.1]: 	/app/vendor/bundle/ruby/2.0.0/gems/railties-4.0.3/lib/rails/commands.rb:76:in `block in <top (required)>'
2014-03-20T06:27:18.052388+00:00 app[web.1]: 	/app/vendor/bundle/ruby/2.0.0/gems/railties-4.0.3/lib/rails/commands.rb:71:in `tap'
2014-03-20T06:27:18.052717+00:00 app[web.1]: 	bin/rails:4:in `require'
2014-03-20T06:27:18.052717+00:00 app[web.1]: [2014-03-20 06:27:18] INFO  going to shutdown ...
2014-03-20T06:27:18.052717+00:00 app[web.1]: [2014-03-20 06:27:18] INFO  WEBrick::HTTPServer#start done.
2014-03-20T06:27:18.052717+00:00 app[web.1]: => Rails 4.0.3 application starting in production on http://0.0.0.0:5734
2014-03-20T06:27:18.052717+00:00 app[web.1]: Exiting
2014-03-20T06:27:18.052717+00:00 app[web.1]: 	/app/vendor/bundle/ruby/2.0.0/gems/railties-4.0.3/lib/rails/commands.rb:71:in `<top (required)>'
2014-03-20T06:27:18.052717+00:00 app[web.1]: 	bin/rails:4:in `<main>'
2014-03-20T06:27:18.052717+00:00 app[web.1]: => Ctrl-C to shutdown server
2014-03-20T06:27:18.052717+00:00 app[web.1]: => Run `rails server -h` for more startup options
2014-03-20T06:27:18.052717+00:00 app[web.1]: => Booting WEBrick
2014-03-20T06:27:19.285606+00:00 heroku[web.1]: Process exited with status 143
2014-03-20T06:27:19.233354+00:00 heroku[web.1]: Process exited with status 143
2014-03-20T06:27:23.311425+00:00 app[web.1]: => Booting WEBrick
2014-03-20T06:27:23.311425+00:00 app[web.1]: => Rails 4.0.3 application starting in production on http://0.0.0.0:19841
2014-03-20T06:27:23.311425+00:00 app[web.1]: => Run `rails server -h` for more startup options
2014-03-20T06:27:23.311425+00:00 app[web.1]: => Ctrl-C to shutdown server
2014-03-20T06:27:23.311425+00:00 app[web.1]: Started GET "/" for 49.205.74.253 at 2014-03-20 06:27:23 +0000
2014-03-20T06:27:23.311425+00:00 app[web.1]: Started GET "/" for 49.205.74.253 at 2014-03-20 06:27:23 +0000
2014-03-20T06:27:23.693287+00:00 app[web.1]:   vendor/bundle/ruby/2.0.0/gems/actionpack-4.0.3/lib/action_dispatch/middleware/debug_exceptions.rb:21:in `call'
2014-03-20T06:27:23.693287+00:00 app[web.1]:   vendor/bundle/ruby/2.0.0/gems/actionpack-4.0.3/lib/action_dispatch/middleware/show_exceptions.rb:30:in `call'
2014-03-20T06:27:23.693287+00:00 app[web.1]: ActionController::RoutingError (No route matches [GET] "/"):
2014-03-20T06:27:23.693287+00:00 app[web.1]: 
2014-03-20T06:27:23.698697+00:00 heroku[router]: at=info method=GET path=/ host=secret-taiga-9628.herokuapp.com request_id=d2b2ee58-7804-43e2-8f1c-6e6bff64d8d7 fwd="49.205.74.253" dyno=web.1 connect=5ms service=397ms status=404 bytes=1616
2014-03-20T06:27:23.693287+00:00 app[web.1]:   vendor/bundle/ruby/2.0.0/gems/activesupport-4.0.3/lib/active_support/tagged_logging.rb:67:in `tagged'
2014-03-20T06:27:23.693287+00:00 app[web.1]:   vendor/bundle/ruby/2.0.0/gems/railties-4.0.3/lib/rails/rack/logger.rb:20:in `call'
2014-03-20T06:27:23.693525+00:00 app[web.1]:   vendor/bundle/ruby/2.0.0/gems/actionpack-4.0.3/lib/action_dispatch/middleware/static.rb:64:in `call'
2014-03-20T06:27:23.693525+00:00 app[web.1]:   vendor/bundle/ruby/2.0.0/gems/rack-1.5.2/lib/rack/sendfile.rb:112:in `call'
2014-03-20T06:27:23.693525+00:00 app[web.1]:   vendor/bundle/ruby/2.0.0/gems/activesupport-4.0.3/lib/active_support/cache/strategy/local_cache.rb:83:in `call'
2014-03-20T06:27:23.693287+00:00 app[web.1]:   vendor/bundle/ruby/2.0.0/gems/railties-4.0.3/lib/rails/rack/logger.rb:20:in `block in call'
2014-03-20T06:27:23.693287+00:00 app[web.1]:   vendor/bundle/ruby/2.0.0/gems/railties-4.0.3/lib/rails/rack/logger.rb:38:in `call_app'
2014-03-20T06:27:23.693287+00:00 app[web.1]:   vendor/bundle/ruby/2.0.0/gems/activesupport-4.0.3/lib/active_support/tagged_logging.rb:25:in `tagged'
2014-03-20T06:27:23.693287+00:00 app[web.1]:   vendor/bundle/ruby/2.0.0/gems/activesupport-4.0.3/lib/active_support/tagged_logging.rb:67:in `block in tagged'
2014-03-20T06:27:23.693525+00:00 app[web.1]:   vendor/bundle/ruby/2.0.0/gems/railties-4.0.3/lib/rails/application.rb:97:in `call'
2014-03-20T06:27:23.693525+00:00 app[web.1]:   vendor/bundle/ruby/2.0.0/gems/rack-1.5.2/lib/rack/content_length.rb:14:in `call'
2014-03-20T06:27:23.693525+00:00 app[web.1]:   vendor/bundle/ruby/2.0.0/gems/railties-4.0.3/lib/rails/engine.rb:511:in `call'
2014-03-20T06:27:23.693723+00:00 app[web.1]:   vendor/ruby-2.0.0/lib/ruby/2.0.0/webrick/httpserver.rb:138:in `service'
2014-03-20T06:27:23.693723+00:00 app[web.1]:   vendor/bundle/ruby/2.0.0/gems/rack-1.5.2/lib/rack/handler/webrick.rb:60:in `service'
2014-03-20T06:27:23.693723+00:00 app[web.1]:   vendor/ruby-2.0.0/lib/ruby/2.0.0/webrick/httpserver.rb:94:in `run'
2014-03-20T06:27:23.693723+00:00 app[web.1]: 
2014-03-20T06:27:23.693723+00:00 app[web.1]: 
2014-03-20T06:27:23.693525+00:00 app[web.1]:   vendor/bundle/ruby/2.0.0/gems/actionpack-4.0.3/lib/action_dispatch/middleware/request_id.rb:21:in `call'
2014-03-20T06:27:23.693525+00:00 app[web.1]:   vendor/bundle/ruby/2.0.0/gems/rack-1.5.2/lib/rack/runtime.rb:17:in `call'
2014-03-20T06:27:23.693723+00:00 app[web.1]:   vendor/ruby-2.0.0/lib/ruby/2.0.0/webrick/server.rb:295:in `block in start_thread'
2014-03-20T06:27:23.693525+00:00 app[web.1]:   vendor/bundle/ruby/2.0.0/gems/rack-1.5.2/lib/rack/methodoverride.rb:21:in `call'
2014-03-20T06:27:23.693723+00:00 app[web.1]:   vendor/bundle/ruby/2.0.0/gems/actionpack-4.0.3/lib/action_dispatch/middleware/debug_exceptions.rb:21:in `call'
2014-03-20T06:27:23.694246+00:00 app[web.1]:   vendor/bundle/ruby/2.0.0/gems/railties-4.0.3/lib/rails/rack/logger.rb:38:in `call_app'
2014-03-20T06:27:23.694246+00:00 app[web.1]:   vendor/bundle/ruby/2.0.0/gems/railties-4.0.3/lib/rails/rack/logger.rb:20:in `block in call'
2014-03-20T06:27:23.694246+00:00 app[web.1]:   vendor/bundle/ruby/2.0.0/gems/railties-4.0.3/lib/rails/rack/logger.rb:20:in `call'
2014-03-20T06:27:23.694423+00:00 app[web.1]:   vendor/bundle/ruby/2.0.0/gems/actionpack-4.0.3/lib/action_dispatch/middleware/static.rb:64:in `call'
2014-03-20T06:27:23.694246+00:00 app[web.1]:   vendor/bundle/ruby/2.0.0/gems/activesupport-4.0.3/lib/active_support/tagged_logging.rb:67:in `block in tagged'
2014-03-20T06:27:23.694246+00:00 app[web.1]:   vendor/bundle/ruby/2.0.0/gems/actionpack-4.0.3/lib/action_dispatch/middleware/request_id.rb:21:in `call'
2014-03-20T06:27:23.693723+00:00 app[web.1]: 
2014-03-20T06:27:23.693525+00:00 app[web.1]:   vendor/bundle/ruby/2.0.0/gems/rack-1.5.2/lib/rack/lock.rb:17:in `call'
2014-03-20T06:27:23.694423+00:00 app[web.1]:   vendor/bundle/ruby/2.0.0/gems/rack-1.5.2/lib/rack/lock.rb:17:in `call'
2014-03-20T06:27:23.694423+00:00 app[web.1]:   vendor/bundle/ruby/2.0.0/gems/rack-1.5.2/lib/rack/handler/webrick.rb:60:in `service'
2014-03-20T06:27:23.694423+00:00 app[web.1]:   vendor/bundle/ruby/2.0.0/gems/rack-1.5.2/lib/rack/content_length.rb:14:in `call'
2014-03-20T06:27:23.694246+00:00 app[web.1]:   vendor/bundle/ruby/2.0.0/gems/rack-1.5.2/lib/rack/methodoverride.rb:21:in `call'
2014-03-20T06:27:23.693723+00:00 app[web.1]:   vendor/bundle/ruby/2.0.0/gems/actionpack-4.0.3/lib/action_dispatch/middleware/show_exceptions.rb:30:in `call'
2014-03-20T06:27:23.693723+00:00 app[web.1]: ActionController::RoutingError (No route matches [GET] "/"):
2014-03-20T06:27:23.694246+00:00 app[web.1]:   vendor/bundle/ruby/2.0.0/gems/rack-1.5.2/lib/rack/runtime.rb:17:in `call'
2014-03-20T06:27:23.694423+00:00 app[web.1]:   vendor/bundle/ruby/2.0.0/gems/rack-1.5.2/lib/rack/sendfile.rb:112:in `call'
2014-03-20T06:27:23.694246+00:00 app[web.1]:   vendor/bundle/ruby/2.0.0/gems/activesupport-4.0.3/lib/active_support/tagged_logging.rb:25:in `tagged'
2014-03-20T06:27:23.694423+00:00 app[web.1]:   vendor/ruby-2.0.0/lib/ruby/2.0.0/webrick/httpserver.rb:138:in `service'
2014-03-20T06:27:23.694246+00:00 app[web.1]:   vendor/bundle/ruby/2.0.0/gems/activesupport-4.0.3/lib/active_support/cache/strategy/local_cache.rb:83:in `call'
2014-03-20T06:27:23.694423+00:00 app[web.1]:   vendor/bundle/ruby/2.0.0/gems/railties-4.0.3/lib/rails/application.rb:97:in `call'
2014-03-20T06:27:23.694246+00:00 app[web.1]:   vendor/bundle/ruby/2.0.0/gems/activesupport-4.0.3/lib/active_support/tagged_logging.rb:67:in `tagged'
2014-03-20T06:27:23.694423+00:00 app[web.1]:   vendor/ruby-2.0.0/lib/ruby/2.0.0/webrick/server.rb:295:in `block in start_thread'
2014-03-20T06:27:23.694423+00:00 app[web.1]:   vendor/ruby-2.0.0/lib/ruby/2.0.0/webrick/httpserver.rb:94:in `run'
2014-03-20T06:27:23.694423+00:00 app[web.1]:   vendor/bundle/ruby/2.0.0/gems/railties-4.0.3/lib/rails/engine.rb:511:in `call'
2014-03-20T06:27:24.218276+00:00 heroku[router]: at=info method=GET path=/favicon.ico host=secret-taiga-9628.herokuapp.com request_id=0c7c00a4-0331-43cc-a9b5-85b9951101a3 fwd="49.205.74.253" dyno=web.1 connect=1ms service=7ms status=200 bytes=228
2014-03-20T06:27:23.694761+00:00 app[web.1]: 
2014-03-20T06:27:23.694761+00:00 app[web.1]: 
2014-03-20T06:29:53.105640+00:00 heroku[api]: Starting process with command `bundle exec rake db:migrate` by muraleem3@gmail.com
2014-03-20T06:29:56.348108+00:00 heroku[run.6764]: Awaiting client
2014-03-20T06:29:56.373411+00:00 heroku[run.6764]: Starting process with command `bundle exec rake db:migrate`
2014-03-20T06:29:56.580680+00:00 heroku[run.6764]: State changed from starting to up
2014-03-20T06:29:59.870174+00:00 heroku[run.6764]: Process exited with status 0
2014-03-20T06:29:59.884885+00:00 heroku[run.6764]: State changed from up to complete


+++++++++++++++++++++++++++++++++++++++++++++++


+++++++++++++++++++++++++++++++++++++++++++++++

+++++++++++++++++++++++++++++++++++++++++++++++


