+++++++++++++++++++++++++++++++++++++++++++++++++++++++++++++++++++++++++++++++++++++++++++++++++++++
ostryalabs@ostryalabs-5:~$ sudo apt-get install gedit
Reading package lists... Done
Building dependency tree       
Reading state information... Done
gedit is already the newest version.
The following packages were automatically installed and are no longer required:
  libkrb5-3:i386 libgconf-2-4:i386 libatk1.0-0:i386 libk5crypto3:i386 libstdc++6:i386 libxfixes3:i386 libxcomposite1:i386 libldap-2.4-2:i386
  libroken18-heimdal:i386 libidn11:i386 gir1.2-ubuntuoneui-3.0 libnss3:i386 libjpeg-turbo8:i386 libjpeg8:i386 libcap2:i386
  libdbus-glib-1-2:i386 libasn1-8-heimdal:i386 libcairo2:i386 libgnutls26:i386 libgssapi3-heimdal:i386 libtasn1-3:i386 libfreetype6:i386
  libexpat1:i386 libdatrie1:i386 libavahi-common-data:i386 libgdk-pixbuf2.0-0:i386 libxcb1:i386 libp11-kit0:i386 libwind0-heimdal:i386
  libxau6:i386 libpixman-1-0:i386 libcups2:i386 libcurl3:i386 libxinerama1:i386 libkrb5support0:i386 libxft2:i386 libxdmcp6:i386
  libgcrypt11:i386 libthai0:i386 libkeyutils1:i386 libasound2:i386 libxrender1:i386 libhcrypto4-heimdal:i386 libnspr4:i386
  libhx509-5-heimdal:i386 libxss1:i386 libheimbase1-heimdal:i386 libtiff4:i386 libjasper1:i386 libubuntuoneui-3.0-1 libxtst6:i386
  libavahi-client3:i386 thunderbird-globalmenu libx11-6:i386 libsasl2-2:i386 libfontconfig1:i386 libpango1.0-0:i386 libheimntlm0-heimdal:i386
  libxdamage1:i386 libxcb-render0:i386 librtmp0:i386 libgssapi-krb5-2:i386 libxi6:i386 libxcursor1:i386 libxcb-shm0:i386 libxext6:i386
  libsasl2-modules:i386 libavahi-common3:i386 libxrandr2:i386 libsqlite3-0:i386 libgtk2.0-0:i386 libkrb5-26-heimdal:i386 libgpg-error0:i386
Use 'apt-get autoremove' to remove them.
0 upgraded, 0 newly installed, 0 to remove and 7 not upgraded.
++++++++++++++++++++++++++++++++++++++++++++++++++++++++++++++++++++++++++++++++++++++++++++
ostryalabs@ostryalabs-5:~$ cd /etc/postgresql/9.3/main
ostryalabs@ostryalabs-5:/etc/postgresql/9.3/main$ ls
environment  pg_ctl.conf  pg_hba.conf  pg_ident.conf  postgresql.conf  start.conf
ostryalabs@ostryalabs-5:/etc/postgresql/9.3/main$ gedit pg_hba.conf
ostryalabs@ostryalabs-5:/etc/postgresql/9.3/main$ gksudo gedit pg_hba.conf
++++++++++++++++++++++++++++++++++++++++++++++++++++++++++++++++++++++++++++++++++++++++++++
ostryalabs@ostryalabs-5:~$ cd /etc/postgresql/9.3/main
ostryalabs@ostryalabs-5:/etc/postgresql/9.3/main$ ls
environment  pg_ctl.conf  pg_hba.conf  pg_ident.conf  postgresql.conf  start.conf

ostryalabs@ostryalabs-5:/etc/postgresql/9.3/main$ sudo vi pg_hba.conf
[sudo] password for ostryalabs: 

++++++++++++++++++++++++++++++++++++++++++++++++++++++++++++++++++++++++++++++++++++++++++++

++++++++++++++++++++++++++++++++++++++++++++++++++++++++++++++++++++++++++++++++++++++++++++


++++++++++++++++++++++++++++++++++++++++++++++++++++++++++++++++++++++++++++++++++++++++++++


++++++++++++++++++++++++++++++++++++++++++++++++++++++++++++++++++++++++++++++++++++++++++++

++++++++++++++++++++++++++++++++++++++++++++++++++++++++++++++++++++++++++++++++++++++++++++


++++++++++++++++++++++++++++++++++++++++++++++++++++++++++++++++++++++++++++++++++++++++++++
