+++++++++++++++++++++++++++++++++++++++++++++++++++++++++++++++++++++++
ostryalabs@ostryalabs-5:~/Muralee/rails_projects/sample_app (static-pages)$ psql -V

psql (PostgreSQL) 9.3.3
+++++++++++++++++++++++++++++++++++++++++++++++++++++++++++++++++++++++
ostryalabs@ostryalabs-5:~/Muralee/rails_projects/sample_app (static-pages)$ psql sample_app_production
psql (9.3.3)
Type "help" for help.

sample_app_production=> \q
ostryalabs@ostryalabs-5:~/Muralee/rails_projects/sample_app (static-pages)$ 

+++++++++++++++++++++++++++++++++++++++++++++++++++++++++++++++++++++++

psql Databasename

select *from tablename;

++++++++++++++++++++++++++++++++++++++++++++++++++++++++++++++++++++++++++++++++++++++++++++++++++++
ostryalabs@ostryalabs-5:~/Muralee/rails_projects/demo_app (master)$ psql my_project_development
psql (9.3.3)
Type "help" for help.

my_project_development=> \d microposts;
                                     Table "public.microposts"
   Column   |            Type             |                        Modifiers                        
------------+-----------------------------+---------------------------------------------------------
 id         | integer                     | not null default nextval('microposts_id_seq'::regclass)
 content    | character varying(255)      | 
 user_id    | character varying(255)      | 
 created_at | timestamp without time zone | 
 updated_at | timestamp without time zone | 
Indexes:
    "microposts_pkey" PRIMARY KEY, btree (id)

+++++++++++++++++++++++++++++++++++++++++++++++++++++++++++++++++++++++++++++++++++++++++++++++++++++

++++++++++++++++++++++++++++++++++db:rollback+++++++++++++++++++++++++++++++++++++

ostryalabs@ostryalabs-5:~/Muralee/rails_projects/demo_app (master)$ rake db:rollback
==  FixColumnType: reverting ==================================================
==  FixColumnType: reverted (0.0188s) =========================================

ostryalabs@ostryalabs-5:~/Muralee/rails_projects/demo_app (master)$ rake db:rollback
==  FixColumnName: reverting ==================================================
-- rename_column(:microposts, :user_id, :user_idinteger)
   -> 0.0031s
==  FixColumnName: reverted (0.0056s) =========================================

ostryalabs@ostryalabs-5:~/Muralee/rails_projects/demo_app (master)$ rake db:migrate
==  FixColumnName: migrating ==================================================
-- rename_column(:microposts, :user_idinteger, :user_id)
   -> 0.0020s
==  FixColumnName: migrated (0.0021s) =========================================

==  FixColumnType: migrating ==================================================
==  FixColumnType: migrated (0.0000s) =========================================

++++++++++++++++++++++++++++postgresql location+++++++++++++++++++++++++++++++++++++++++++
ostryalabs@ostryalabs-5:~$ ls /etc/postgresql
9.3
ostryalabs@ostryalabs-5:~$ /etc/postgresql/9.3/main/pg_hba.conf
bash: /etc/postgresql/9.3/main/pg_hba.conf: Permission denied

ostryalabs@ostryalabs-5:/etc/postgresql/9.3/main$ ls
environment  pg_ctl.conf  pg_hba.conf  pg_ident.conf  postgresql.conf  start.conf



+++++++++++++++++++++++++++++++++++++++++++++++++++++++++++++++++++++
ostryalabs@ostryalabs-5:~/Muralee/rails_projects/sample_app (static-pages)$ psql -U ostryalabs -d my_project_development -h 127.0.0.1 -WPassword for user ostryalabs: 
psql: FATAL:  password authentication failed for user "ostryalabs"
FATAL:  password authentication failed for user "ostryalabs"

ostryalabs@ostryalabs-5:~/Muralee/rails_projects/sample_app (static-pages)$ sudo -u postgres psql
[sudo] password for ostryalabs: 
psql (9.3.3)
Type "help" for help.

 
postgres-# \du
                              List of roles
 Role name  |                   Attributes                   | Member of 
------------+------------------------------------------------+-----------
 muralee    | Superuser, Create role, Create DB              | {}
 ostryalabs |                                                | {}
 postgres   | Superuser, Create role, Create DB, Replication | {}
 sample_app |                                                | {}


postgres=# CREATE ROLE sample_app WITH SUPERUSER CREATEDB CREATEROLE;
ERROR:  role "sample_app" already exists
postgres=# ALTER ROLE sample_app WITH SUPERUSER CREATEDB CREATEROLE;
ALTER ROLE
postgres=# \du
                              List of roles
 Role name  |                   Attributes                   | Member of 
------------+------------------------------------------------+-----------
 muralee    | Superuser, Create role, Create DB              | {}
 ostryalabs |                                                | {}
 postgres   | Superuser, Create role, Create DB, Replication | {}
 sample_app | Superuser, Create role, Create DB              | {}


+++++++++++++++++++++++++++++++++++++++++++++++++++++++++++++++++++++

ostryalabs@ostryalabs-5:~/Muralee/rails_projects/sample_app (static-pages)$ sudo -u postgres psql
psql (9.3.3)
Type "help" for help.

postgres=# ALTER ROLE sample_app WITH PASSWORD 'welcome';
ALTER ROLE

+++++++++++++++++++++++++++++++++++++++++++++++++++++++++++++++++++++
ostryalabs@ostryalabs-5:~/Muralee/rails_projects/sample_app (static-pages)$ psql -U sample_app -d my_project_development -h 127.0.0.1 -WPassword for user sample_app: 
psql (9.3.3)
SSL connection (cipher: DHE-RSA-AES256-SHA, bits: 256)
Type "help" for help.

my_project_development=# \d
                 List of relations
 Schema |       Name        |   Type   |   Owner    
--------+-------------------+----------+------------
 public | microposts        | table    | ostryalabs
 public | microposts_id_seq | sequence | ostryalabs
 public | schema_migrations | table    | ostryalabs
 public | users             | table    | ostryalabs
 public | users_id_seq      | sequence | ostryalabs
(5 rows)

+++++++++++++++++++++++++++++++++++++++++++++++++++++++++++++++++++++
my_project_development=# \l
                                    List of databases
          Name          |   Owner    | Encoding | Collate | Ctype |   Access privileges   
------------------------+------------+----------+---------+-------+-----------------------
 dbdemoapp              | muralee    | UTF8     | en_IN   | en_IN | 
 my_project_development | ostryalabs | UTF8     | en_IN   | en_IN | 
 postgres               | postgres   | UTF8     | en_IN   | en_IN | 
 sample_app_development | sample_app | UTF8     | en_IN   | en_IN | 
 sample_app_production  | sample_app | UTF8     | en_IN   | en_IN | 
 sample_app_test        | sample_app | UTF8     | en_IN   | en_IN | 
 template0              | postgres   | UTF8     | en_IN   | en_IN | =c/postgres          +
                        |            |          |         |       | postgres=CTc/postgres
 template1              | postgres   | UTF8     | en_IN   | en_IN | =c/postgres          +
                        |            |          |         |       | postgres=CTc/postgres
(8 rows)


++++++++++++++++++++++++++++++++++++++++++++++++++++++++++++++++++++++++++++++++++++++++++++++++++++++++++++++++++++++++++++++++++++++++++
postgres=# \l
                                    List of databases
          Name          |   Owner    | Encoding | Collate | Ctype |   Access privileges   
------------------------+------------+----------+---------+-------+-----------------------
 dbdemoapp              | muralee    | UTF8     | en_IN   | en_IN | 
 my_project_development | ostryalabs | UTF8     | en_IN   | en_IN | 
 postgres               | postgres   | UTF8     | en_IN   | en_IN | 
 sample_app_production  | sample_app | UTF8     | en_IN   | en_IN | 
 sample_app_test        | sample_app | UTF8     | en_IN   | en_IN | 
 template0              | postgres   | UTF8     | en_IN   | en_IN | =c/postgres          +
                        |            |          |         |       | postgres=CTc/postgres
 template1              | postgres   | UTF8     | en_IN   | en_IN | =c/postgres          +
                        |            |          |         |       | postgres=CTc/postgres
(7 rows)

postgres=# DROP DATABASE IF EXISTS "sample_app_test";
DROP DATABASE
postgres=# DROP DATABASE IF EXISTS "sample_app_production";
DROP DATABASE
postgres=# \l
                                    List of databases
          Name          |   Owner    | Encoding | Collate | Ctype |   Access privileges   
------------------------+------------+----------+---------+-------+-----------------------
 dbdemoapp              | muralee    | UTF8     | en_IN   | en_IN | 
 my_project_development | ostryalabs | UTF8     | en_IN   | en_IN | 
 postgres               | postgres   | UTF8     | en_IN   | en_IN | 
 template0              | postgres   | UTF8     | en_IN   | en_IN | =c/postgres          +
                        |            |          |         |       | postgres=CTc/postgres
 template1              | postgres   | UTF8     | en_IN   | en_IN | =c/postgres          +
                        |            |          |         |       | postgres=CTc/postgres
(5 rows)

++++++++++++++++++++++++++++++++++++++++++++++++++++++++++++++++++++++++++++++++++++++++++++++++++++++++++++++++++++++++++++++++++++++++++


