+++++++++++++++++++++++++++++++++++++++++++++++++++++++++++++++++++++++++++
Add the Sublime Text 2 Repository to your Synaptic Package Manager:

sudo add-apt-repository ppa:webupd8team/sublime-text-2
 

Update:
sudo apt-get update
 

Install Sublime Text:
sudo apt-get install sublime-text

8/23/2013 UPDATE: If you are installing the Sublime Text 3 Beta as discussed in the update above, use this command instead of apt-get install sublime-text:

8/23/2013 Install for Sublime Text 3 Beta (only if using the PPA for Sublime Text 3):
sudo apt-get install sublime-text-installer
 

Next, check the usr/bin directory. You should see at least one file, named sublime-text-2, and you should also see two others, named sublime-text and subl. These create aliases you can use to invoke Sublime Text 2 from the command line. If the subl and sublime-text files are not present, copy the sublime-text-2 file and make them:

Create alias files (if not present):
$ sudo cp /usr/bin/sublime-text-2 /usr/bin/sublime-text
$ sudo cp /usr/bin/sublime-text-2 /usr/bin/subl
 

There you have it. You can now use Sublime Text 2 from you command line. Also, you should see it available in your GUI in the applications menu.

++++++++++++++++++++++++++++++++++++++++++++++++++++++++++++++++++++++++++++++++++++
ostryalabs@ostryalabs-5:~/Muralee/rails_projects/sample_app$ git config --global core.editor "subl -w"

++++++++++++++++++++++++++++++++++++++++++++++++++++++++++++++++++++++++++++++++++++

ostryalabs@ostryalabs-5:/usr/bin$ sed 's/\x33\x42/\x32\x42/g' sublime_text
sed: can't read sublime_text: No such file or directory
ostryalabs@ostryalabs-5:/usr/bin$ gksudo sed 's/\x33\x42/\x32\x42/g' sublime_text


ostryalabs@ostryalabs-5:/usr/bin$ sudo ghex sublime_text
ostryalabs@ostryalabs-5:/usr/bin$ gksudo ghex sublime-text


ostryalabs@ostryalabs-5:/usr/bin$ subl --version
Sublime Text 2 Build 2221


++++++++++++++++++++++++++++++++++++++++++++++++++++++++++++++++++++++++++++++++++++




