++++++++++++++++++++++++++++++++++++++++++++++++++++++++++++++++++++++++++++++++++++++++++++++++++++++++++++++++++++++++
ostryalabs@ostryalabs-5:~/Muralee/rails_projects/exam_report (master)$ echo "database.yml" >> .gitignore
ostryalabs@ostryalabs-5:~/Muralee/rails_projects/exam_report (master)$ git add .
ostryalabs@ostryalabs-5:~/Muralee/rails_projects/exam_report (master)$ git checkout -b exam_report2
M	.gitignore
M	config/database.yml
A	config/database.yml~
Switched to a new branch 'exam_report2'

ostryalabs@ostryalabs-5:~/Muralee/rails_projects/exam_report (exam_report2)$ git add .
ostryalabs@ostryalabs-5:~/Muralee/rails_projects/exam_report (exam_report2)$ git commit -m "commit1"
[exam_report2 76df81e] commit1
 3 files changed, 70 insertions(+), 8 deletions(-)
 create mode 100644 config/database.yml~

ostryalabs@ostryalabs-5:~/Muralee/rails_projects/exam_report (exam_report2)$ git status
# On branch exam_report2
nothing to commit, working directory clean

ostryalabs@ostryalabs-5:~/Muralee/rails_projects/exam_report (exam_report2)$ git diff
ostryalabs@ostryalabs-5:~/Muralee/rails_projects/exam_report (exam_report2)$ git log
commit 76df81eea16fa077920d6fe8ab80b97e9285cec8
Author: Muralee Mohan <muraleem3@gmail.com>
Date:   Tue Mar 25 17:30:11 2014 +0530

    commit1

commit 613c294720910a17eb283ca75800471ad5e5d531
Author: Srikanth <sri.panniru08@gmail.com>
Date:   Tue Mar 25 15:55:23 2014 +0530

    first commit
ostryalabs@ostryalabs-5:~/Muralee/rails_projects/exam_report (exam_report2)$ git remote -v
origin	git://github.com/sri-sankl/exam_report.git (fetch)
origin	git://github.com/sri-sankl/exam_report.git (push)

++++++++++++++++++++++++++++++++++++++++++++++++++++++++++++++++++++++++++++++++++++++++++++++++++++++++++++++++++++++++

++++++++++++++++++++++++++++++++++++++++++++++++++++++++++++++++++++++++++++++++++++++++++++++++++++++++++++++++++++++++



++++++++++++++++++++++++++++++++++++++++++++++++++++++++++++++++++++++++++++++++++++++++++++++++++++++++++++++++++++++++



++++++++++++++++++++++++++++++++++++++++++++++++++++++++++++++++++++++++++++++++++++++++++++++++++++++++++++++++++++++++


++++++++++++++++++++++++++++++++++++++++++++++++++++++++++++++++++++++++++++++++++++++++++++++++++++++++++++++++++++++++

