$ git config --global alias.co checkout
++++++++++++++++++++++++++++++++++++++++++++++
ostryalabs@ostryalabs-5:~/Muralee/rails_projects/first_app$ git config --global core.editor emacs

ostryalabs@ostryalabs-5:~/Muralee/rails_projects/first_app$ git init
Initialized empty Git repository in /home/ostryalabs/Muralee/rails_projects/first_app/.git/
  

ostryalabs@ostryalabs-5:~/Muralee/rails_projects/first_app$ git add .
++++++++++++++++++++++++++++++++++++++++++++++++++++++++++++++++++
ostryalabs@ostryalabs-5:~/Muralee/rails_projects/first_app$ git ststus
git: 'ststus' is not a git command. See 'git --help'.

Did you mean this?
	status
ostryalabs@ostryalabs-5:~/Muralee/rails_projects/first_app$ git status
# On branch master
#
# Initial commit
#
# Changes to be committed:
#   (use "git rm --cached <file>..." to unstage)
#
#	new file:   .gitignore
#	new file:   Gemfile
#	new file:   Gemfile.lock
#	new file:   README.rdoc
#	new file:   Rakefile
#	new file:   app/assets/images/.keep
#	new file:   app/assets/javascripts/application.js
#	new file:   app/assets/stylesheets/application.css
#	new file:   app/controllers/application_controller.rb
#	new file:   app/controllers/concerns/.keep
#	new file:   app/helpers/application_helper.rb
#	new file:   app/mailers/.keep
#	new file:   app/models/.keep
#	new file:   app/models/concerns/.keep
#	new file:   app/views/layouts/application.html.erb
#	new file:   bin/bundle
#	new file:   bin/rails
#	new file:   bin/rake
#	new file:   config.ru
#	new file:   config/application.rb
#	new file:   config/boot.rb
#	new file:   config/database.yml
#	new file:   config/environment.rb
#	new file:   config/environments/development.rb
#	new file:   config/environments/production.rb
#	new file:   config/environments/test.rb
#	new file:   config/initializers/backtrace_silencers.rb
#	new file:   config/initializers/filter_parameter_logging.rb
#	new file:   config/initializers/inflections.rb
#	new file:   config/initializers/mime_types.rb
#	new file:   config/initializers/secret_token.rb
#	new file:   config/initializers/session_store.rb
#	new file:   config/initializers/wrap_parameters.rb
#	new file:   config/locales/en.yml
#	new file:   config/routes.rb
#	new file:   db/seeds.rb
#	new file:   lib/assets/.keep
#	new file:   lib/tasks/.keep
#	new file:   log/.keep
#	new file:   public/404.html
#	new file:   public/422.html
#	new file:   public/500.html
#	new file:   public/favicon.ico
#	new file:   public/robots.txt
#	new file:   test/controllers/.keep
#	new file:   test/fixtures/.keep
#	new file:   test/helpers/.keep
#	new file:   test/integration/.keep
#	new file:   test/mailers/.keep
#	new file:   test/models/.keep
#	new file:   test/test_helper.rb
#	new file:   vendor/assets/javascripts/.keep
#	new file:   vendor/assets/stylesheets/.keep

++++++++++++++++++++++++++++++++++++++++++++++++++++++++++++++++++
ostryalabs@ostryalabs-5:~/Muralee/rails_projects/first_app$ git commit -m "Initialize repository"
[master (root-commit) 82c5b58] Initialize repository
 36 files changed, 821 insertions(+)
 create mode 100644 .gitignore
 create mode 100644 Gemfile
 create mode 100644 Gemfile.lock
 create mode 100644 README.rdoc
 create mode 100644 Rakefile
 create mode 100644 app/assets/images/.keep
 create mode 100644 app/assets/javascripts/application.js
 create mode 100644 app/assets/stylesheets/application.css
 create mode 100644 app/controllers/application_controller.rb
 create mode 100644 app/controllers/concerns/.keep
 create mode 100644 app/helpers/application_helper.rb
 create mode 100644 app/mailers/.keep
 create mode 100644 app/models/.keep
 create mode 100644 app/models/concerns/.keep
 create mode 100644 app/views/layouts/application.html.erb
 create mode 100755 bin/bundle
 create mode 100755 bin/rails
 create mode 100755 bin/rake
 create mode 100644 config.ru
 create mode 100644 config/application.rb
 create mode 100644 config/boot.rb
 create mode 100644 config/database.yml
 create mode 100644 config/environment.rb
 create mode 100644 config/environments/development.rb
 create mode 100644 config/environments/production.rb
 create mode 100644 config/environments/test.rb
 create mode 100644 config/initializers/backtrace_silencers.rb
 create mode 100644 config/initializers/filter_parameter_logging.rb
 create mode 100644 config/initializers/inflections.rb
 create mode 100644 config/initializers/mime_types.rb
 create mode 100644 config/initializers/secret_token.rb
 create mode 100644 config/initializers/session_store.rb
 create mode 100644 config/initializers/wrap_parameters.rb
 create mode 100644 config/locales/en.yml
 create mode 100644 config/routes.rb
 create mode 100644 db/seeds.rb
 create mode 100644 lib/assets/.keep
 create mode 100644 lib/tasks/.keep
 create mode 100644 log/.keep
 create mode 100644 public/404.html
 create mode 100644 public/422.html
 create mode 100644 public/500.html
 create mode 100644 public/favicon.ico
 create mode 100644 public/robots.txt
 create mode 100644 test/controllers/.keep
 create mode 100644 test/fixtures/.keep
 create mode 100644 test/helpers/.keep
 create mode 100644 test/integration/.keep
 create mode 100644 test/mailers/.keep
 create mode 100644 test/models/.keep
 create mode 100644 test/test_helper.rb
 create mode 100644 vendor/assets/javascripts/.keep
 create mode 100644 vendor/assets/stylesheets/.keep
+++++++++++++++++++++++++++++++++++++++++++++++++++++++
ostryalabs@ostryalabs-5:~/Muralee/rails_projects/first_app$ git log
commit 82c5b5829c18a5a9de565d83fa8d12f361b9a12c
Author: muraleem3 <muraleem3@gmail.com>
Date:   Tue Mar 11 12:03:57 2014 +0530

    Initialize repository
+++++++++++++++++++++++++++++++++++++++++++++++++++++++
$ git checkout -f
$ git status
# On branch master
nothing to commit (working directory clean)
$ ls app/controllers/
application_controller.rb
+++++++++++++++++++++++++++++++++++++++
ostryalabs@ostryalabs-5:~/Muralee/rails_projects/first_app$ git remote add origin https://github.com/muraleem3/first_app.git

$ git push -u origin master
+++++++++++++++++++++++++++++++++++++++++++++++++++++
ostryalabs@ostryalabs-5:~/Muralee/rails_projects/first_app$ git init
Reinitialized existing Git repository in /home/ostryalabs/Muralee/rails_projects/first_app/.git/

ostryalabs@ostryalabs-5:~/Muralee/rails_projects/first_app$ git add .

ostryalabs@ostryalabs-5:~/Muralee/rails_projects/first_app$ git commit -m "Initialize repository for First"
# On branch master
nothing to commit (working directory clean)

ostryalabs@ostryalabs-5:~/Muralee/rails_projects/first_app$ git remote add origin git@github.com:muraleem3/first_app.git

ostryalabs@ostryalabs-5:~/Muralee/rails_projects/first_app$ git push origin master 

Counting objects: 60, done.
Delta compression using up to 4 threads.
Compressing objects: 100% (49/49), done.
Writing objects: 100% (60/60), 14.27 KiB, done.
Total 60 (delta 2), reused 0 (delta 0)
To git@github.com:muraleem3/first_app.git
 * [new branch]      master -> master
++++++++++++++++++++++++++++++++++++++++++++++++++++++++++++++++++
ostryalabs@ostryalabs-5:~/Muralee/rails_projects/first_app$ git remote -v

origin	git@github.com:muraleem3/demo_app.git (fetch)
origin	git@github.com:muraleem3/demo_app.git (push)

ostryalabs@ostryalabs-5:~/Muralee/rails_projects/first_app$ git remote rm origin

ostryalabs@ostryalabs-5:~/Muralee/rails_projects/first_app$ git remote add origin git@github.com:muraleem3/first_app.git

ostryalabs@ostryalabs-5:~/Muralee/rails_projects/first_app$ git remote -v

origin	git@github.com:muraleem3/first_app.git (fetch)
origin	git@github.com:muraleem3/first_app.git (push)
++++++++++++++++++++++++++++++++++++++++++++++++++++++++++++++++
$ git log
$ git status
$ git --version
$ git clone https://github.com/git/git

++++++++++++++++++++++++++++++++++++++++++++++++++++++++++++++++



