+++++++++++++++++++++++++++++++++++++++++++++++++++++++++++++++++++++++++++
ostryalabs@ostryalabs-5:~/Muralee/rails_projects/sample_app$ gem install rspec

Fetching: rspec-core-2.14.8.gem (100%)
Successfully installed rspec-core-2.14.8
Fetching: diff-lcs-1.2.5.gem (100%)
Successfully installed diff-lcs-1.2.5
Fetching: rspec-expectations-2.14.5.gem (100%)
Successfully installed rspec-expectations-2.14.5
Fetching: rspec-mocks-2.14.6.gem (100%)
Successfully installed rspec-mocks-2.14.6
Fetching: rspec-2.14.1.gem (100%)
Successfully installed rspec-2.14.1
5 gems installed

**
ostryalabs@ostryalabs-5:~/Muralee/rails_projects/sample_app$ rails generate rspec:install
Could not find generator rspec:install.
**

+++++++++++++++++++++++++++++++add rspec rails gem++++++++++++++++++++++++++++++++++++++++++++
group :development, :test do
  gem 'rspec-rails', '~> 3.0.0.beta'
end

ostryalabs@ostryalabs-5:~/Muralee/rails_projects/sample_app$ bundle instal
l
Fetching gem metadata from https://rubygems.org/.........
Fetching additional metadata from https://rubygems.org/..
Resolving dependencies...
Using rake (10.1.1)
Using i18n (0.6.9)
Using minitest (4.7.5)
Using multi_json (1.9.2)
Using atomic (1.1.16)
Using thread_safe (0.2.0)
Using tzinfo (0.3.39)
Using activesupport (4.0.3)
Using builder (3.1.4)
Using erubis (2.7.0)
Using rack (1.5.2)
Using rack-test (0.6.2)
Using actionpack (4.0.3)
Using mime-types (1.25.1)
Using polyglot (0.3.4)
Using treetop (1.4.15)
Using mail (2.5.4)
Using actionmailer (4.0.3)
Using activemodel (4.0.3)
Using activerecord-deprecated_finders (1.0.3)
Using arel (4.0.2)
Using activerecord (4.0.3)
Using bundler (1.5.3)
Using coffee-script-source (1.7.0)
Using execjs (2.0.2)
Using coffee-script (2.2.0)
Using thor (0.18.1)
Using railties (4.0.3)
Using coffee-rails (4.0.1)
Using diff-lcs (1.2.5)
Using hike (1.2.3)
Using jbuilder (1.5.3)
Using jquery-rails (3.1.0)
Using json (1.8.1)
Using pg (0.17.1)
Using tilt (1.4.1)
Using sprockets (2.11.0)
Using sprockets-rails (2.0.1)
Using rails (4.0.3)
Using rdoc (4.1.1)
******
Installing rspec-support (3.0.0.beta2)
Installing rspec-expectations (3.0.0.beta2)
Installing rspec-collection_matchers (0.0.3)
Installing rspec-core (3.0.0.beta2)
Installing rspec-mocks (3.0.0.beta2)
Installing rspec-rails (3.0.0.beta2)
*********
Using sass (3.2.16)
Using sass-rails (4.0.2)
Using sdoc (0.4.0)
Using turbolinks (2.2.1)
Using uglifier (2.5.0)
Your bundle is complete!
Gems in the group production were not installed.
Use `bundle show [gemname]` to see where a bundled gem is installed.
++++++++++++++++++++++++++++++++++++++++++++++++++++++++++++++++++++++++++

ostryalabs@ostryalabs-5:~/Muralee/rails_projects/sample_app$ rails g rspec:install
      create  .rspec
      create  spec
      create  spec/spec_helper.rb

++++++++++++++++++++++++++++++++++++++++++++++++++++++++++++++++++++++++++
ostryalabs@ostryalabs-5:~/Muralee/rails_projects/sample_app (static-pages)$ bundle show rspec-rails

/home/ostryalabs/.rbenv/versions/2.0.0-p451/lib/ruby/gems/2.0.0/gems/rspec-rails-3.0.0.beta2

++++++++++++++++++++++++++++++++++++++++++++++++++++++++++++++++++++++++++
ostryalabs@ostryalabs-5:~/Muralee/rails_projects/sample_app (static-pages)$ rails generate integration_test static_pages

      invoke  rspec
   identical    spec/requests/static_pages_spec.rb


++++++++++++++++++++++++++++++++++++++++++++++++++++++++++++++++++++++++++
ostryalabs@ostryalabs-5:~/Muralee/rails_projects/sample_app (static-pages)$ rake spec
rake aborted!
FATAL:  Peer authentication failed for user "sample_app"

Tasks: TOP => db:test:load => db:test:purge
(See full trace by running task with --trace)

++++++++++++++++++++++++++++++++++++++++++++++++++++++++++++++++++++++++++

ostryalabs@ostryalabs-5:~/Muralee/rails_projects/sample_app (static-pages)$ bundle && rake rspec:install


Using rake (10.1.1)
Using i18n (0.6.9)
Using minitest (4.7.5)
Using multi_json (1.9.2)
Using atomic (1.1.16)
Using thread_safe (0.2.0)
Using tzinfo (0.3.39)
Using activesupport (4.0.3)
Using builder (3.1.4)
Using erubis (2.7.0)
Using rack (1.5.2)
Using rack-test (0.6.2)
Using actionpack (4.0.3)
Using mime-types (1.25.1)
Using polyglot (0.3.4)
Using treetop (1.4.15)
Using mail (2.5.4)
Using actionmailer (4.0.3)
Using activemodel (4.0.3)
Using activerecord-deprecated_finders (1.0.3)
Using arel (4.0.2)
Using activerecord (4.0.3)
Using mini_portile (0.5.2)
Using nokogiri (1.6.1)
Using xpath (2.0.0)
Using capybara (2.2.1)
Using coffee-script-source (1.7.0)
Using execjs (2.0.2)
Using coffee-script (2.2.0)
Using thor (0.18.1)
Using railties (4.0.3)
Using coffee-rails (4.0.1)
Using diff-lcs (1.2.5)
Using hike (1.2.3)
Using jbuilder (1.5.3)
Using jquery-rails (3.1.0)
Using json (1.8.1)
Using pg (0.17.1)
Using bundler (1.5.3)
Using tilt (1.4.1)
Using sprockets (2.11.0)
Using sprockets-rails (2.0.1)
Using rails (4.0.3)
Using rdoc (4.1.1)
Using rspec-support (3.0.0.beta2)
Using rspec-expectations (3.0.0.beta2)
Using rspec-collection_matchers (0.0.3)
Using rspec-core (3.0.0.beta2)
Using rspec-mocks (3.0.0.beta2)
Using rspec-rails (3.0.0.beta2)
Using sass (3.2.16)
Using sass-rails (4.0.2)
Using sdoc (0.4.0)
Using turbolinks (2.2.1)
Using uglifier (2.5.0)
Your bundle is complete!
Gems in the group production were not installed.
Use `bundle show [gemname]` to see where a bundled gem is installed.
rake aborted!
Don't know how to build task 'rspec:install'

(See full trace by running task with --trace)


++++++++++++++++++++++++++++++++++++++++++++++++++++++++++++++++++++++++++
ostryalabs@ostryalabs-5:~/Muralee/rails_projects/sample_app (static-pages)$ bundle exec rspec spec/requests/static_pages_spec.rb

/home/ostryalabs/.rbenv/versions/2.0.0-p451/lib/ruby/gems/2.0.0/gems/activerecord-4.0.3/lib/active_record/connection_adapters/postgresql_adapter.rb:831:in `initialize': FATAL:  Peer authentication failed for user "sample_app" (PG::ConnectionBad)
	from /home/ostryalabs/.rbenv/versions/2.0.0-p451/lib/ruby/gems/2.0.0/gems/activerecord-4.0.3/lib/active_record/connection_adapters/postgresql_adapter.rb:831:in `new'
	from /home/ostryalabs/.rbenv/versions/2.0.0-p451/lib/ruby/gems/2.0.0/gems/activerecord-4.0.3/lib/active_record/connection_adapters/postgresql_adapter.rb:831:in `connect'
	from /home/ostryalabs/.rbenv/versions/2.0.0-p451/lib/ruby/gems/2.0.0/gems/activerecord-4.0.3/lib/active_record/connection_adapters/postgresql_adapter.rb:548:in `initialize'
	from /home/ostryalabs/.rbenv/versions/2.0.0-p451/lib/ruby/gems/2.0.0/gems/activerecord-4.0.3/lib/active_record/connection_adapters/postgresql_adapter.rb:41:in `new'
	from /home/ostryalabs/.rbenv/versions/2.0.0-p451/lib/ruby/gems/2.0.0/gems/activerecord-4.0.3/lib/active_record/connection_adapters/postgresql_adapter.rb:41:in `postgresql_connection'
	from /home/ostryalabs/.rbenv/versions/2.0.0-p451/lib/ruby/gems/2.0.0/gems/activerecord-4.0.3/lib/active_record/connection_adapters/abstract/connection_pool.rb:440:in `new_connection'
	from /home/ostryalabs/.rbenv/versions/2.0.0-p451/lib/ruby/gems/2.0.0/gems/activerecord-4.0.3/lib/active_record/connection_adapters/abstract/connection_pool.rb:450:in `checkout_new_connection'
	from /home/ostryalabs/.rbenv/versions/2.0.0-p451/lib/ruby/gems/2.0.0/gems/activerecord-4.0.3/lib/active_record/connection_adapters/abstract/connection_pool.rb:421:in `acquire_connection'
	from /home/ostryalabs/.rbenv/versions/2.0.0-p451/lib/ruby/gems/2.0.0/gems/activerecord-4.0.3/lib/active_record/connection_adapters/abstract/connection_pool.rb:356:in `block in checkout'
	from /home/ostryalabs/.rbenv/versions/2.0.0-p451/lib/ruby/2.0.0/monitor.rb:211:in `mon_synchronize'
	from /home/ostryalabs/.rbenv/versions/2.0.0-p451/lib/ruby/gems/2.0.0/gems/activerecord-4.0.3/lib/active_record/connection_adapters/abstract/connection_pool.rb:355:in `checkout'
	from /home/ostryalabs/.rbenv/versions/2.0.0-p451/lib/ruby/gems/2.0.0/gems/activerecord-4.0.3/lib/active_record/connection_adapters/abstract/connection_pool.rb:265:in `block in connection'
	from /home/ostryalabs/.rbenv/versions/2.0.0-p451/lib/ruby/2.0.0/monitor.rb:211:in `mon_synchronize'
	from /home/ostryalabs/.rbenv/versions/2.0.0-p451/lib/ruby/gems/2.0.0/gems/activerecord-4.0.3/lib/active_record/connection_adapters/abstract/connection_pool.rb:264:in `connection'
	from /home/ostryalabs/.rbenv/versions/2.0.0-p451/lib/ruby/gems/2.0.0/gems/activerecord-4.0.3/lib/active_record/connection_adapters/abstract/connection_pool.rb:546:in `retrieve_connection'
	from /home/ostryalabs/.rbenv/versions/2.0.0-p451/lib/ruby/gems/2.0.0/gems/activerecord-4.0.3/lib/active_record/connection_handling.rb:79:in `retrieve_connection'
	from /home/ostryalabs/.rbenv/versions/2.0.0-p451/lib/ruby/gems/2.0.0/gems/activerecord-4.0.3/lib/active_record/connection_handling.rb:53:in `connection'
	from /home/ostryalabs/.rbenv/versions/2.0.0-p451/lib/ruby/gems/2.0.0/gems/activerecord-4.0.3/lib/active_record/migration.rb:792:in `current_version'
	from /home/ostryalabs/.rbenv/versions/2.0.0-p451/lib/ruby/gems/2.0.0/gems/activerecord-4.0.3/lib/active_record/migration.rb:800:in `needs_migration?'
	from /home/ostryalabs/.rbenv/versions/2.0.0-p451/lib/ruby/gems/2.0.0/gems/activerecord-4.0.3/lib/active_record/migration.rb:379:in `check_pending!'
	from /home/ostryalabs/Muralee/rails_projects/sample_app/spec/spec_helper.rb:17:in `<top (required)>'
	from /home/ostryalabs/Muralee/rails_projects/sample_app/spec/requests/static_pages_spec.rb:1:in `require'
	from /home/ostryalabs/Muralee/rails_projects/sample_app/spec/requests/static_pages_spec.rb:1:in `<top (required)>'
	from /home/ostryalabs/.rbenv/versions/2.0.0-p451/lib/ruby/gems/2.0.0/gems/rspec-core-3.0.0.beta2/lib/rspec/core/configuration.rb:932:in `load'
	from /home/ostryalabs/.rbenv/versions/2.0.0-p451/lib/ruby/gems/2.0.0/gems/rspec-core-3.0.0.beta2/lib/rspec/core/configuration.rb:932:in `block in load_spec_files'
	from /home/ostryalabs/.rbenv/versions/2.0.0-p451/lib/ruby/gems/2.0.0/gems/rspec-core-3.0.0.beta2/lib/rspec/core/configuration.rb:932:in `each'
	from /home/ostryalabs/.rbenv/versions/2.0.0-p451/lib/ruby/gems/2.0.0/gems/rspec-core-3.0.0.beta2/lib/rspec/core/configuration.rb:932:in `load_spec_files'
	from /home/ostryalabs/.rbenv/versions/2.0.0-p451/lib/ruby/gems/2.0.0/gems/rspec-core-3.0.0.beta2/lib/rspec/core/command_line.rb:21:in `run'
	from /home/ostryalabs/.rbenv/versions/2.0.0-p451/lib/ruby/gems/2.0.0/gems/rspec-core-3.0.0.beta2/lib/rspec/core/runner.rb:100:in `run'
	from /home/ostryalabs/.rbenv/versions/2.0.0-p451/lib/ruby/gems/2.0.0/gems/rspec-core-3.0.0.beta2/lib/rspec/core/runner.rb:31:in `invoke'
	from /home/ostryalabs/.rbenv/versions/2.0.0-p451/lib/ruby/gems/2.0.0/gems/rspec-core-3.0.0.beta2/exe/rspec:4:in `<top (required)>'
	from /home/ostryalabs/.rbenv/versions/2.0.0-p451/bin/rspec:23:in `load'
	from /home/ostryalabs/.rbenv/versions/2.0.0-p451/bin/rspec:23:in `<main>'
++++++++++++++++++++++++++++++++++++changes in pg_hba.conf file+++++++++++++++++++++++++++++++++++++++++++++++++++++++++++++

ostryalabs@ostryalabs-5:~$ cd /etc/postgresql/9.3/main
ostryalabs@ostryalabs-5:/etc/postgresql/9.3/main$ ls
environment  pg_ctl.conf  pg_hba.conf  pg_ident.conf  postgresql.conf  start.conf

ostryalabs@ostryalabs-5:/etc/postgresql/9.3/main$ gedit pg_hba.conf
ostryalabs@ostryalabs-5:/etc/postgresql/9.3/main$ gksudo gedit pg_hba.conf

*****
Database administrative login by Unix domain socket
local   all             postgres                                trust

# TYPE  DATABASE        USER            ADDRESS                 METHOD

# "local" is for Unix domain socket connections only
local   all             all                                     trust
# IPv4 local connections:
host    all             all             127.0.0.1/32            trust
# IPv6 local connections:
host    all             all             ::1/128                 trust
# Allow replication connections from localhost, by a user with the
# replication privilege.
#local   replication     postgres                                trust
#host    replication     postgres        127.0.0.1/32            trust
#host    replication     postgres        ::1/128                 trust

**********

+++++++++++++++++++++++++++++++++++++++++++++++++++++++++++++++++++++++++++++++++++++++++++++++++
ostryalabs@ostryalabs-5:~/Muralee/rails_projects/sample_app (static-pages)$ rake db:migrate
ostryalabs@ostryalabs-5:~/Muralee/rails_projects/sample_app (static-pages)$ rails s

+++++++++++++++++++++++++++++++++++++++++++++++++++++++++++++++++++++++++++++++++++++++++++++++++
ostryalabs@ostryalabs-5:~/Muralee/rails_projects/sample_app (static-pages)$ git status
# On branch static-pages
# Changes not staged for commit:
#   (use "git add <file>..." to update what will be committed)
#   (use "git checkout -- <file>..." to discard changes in working directory)
#
#	modified:   Gemfile
#	modified:   Gemfile.lock
#	modified:   config/database.yml
#
# Untracked files:
#   (use "git add <file>..." to include in what will be committed)
#
#	db/schema.rb
#	spec/requests/
#
no changes added to commit (use "git add" and/or "git commit -a")
ostryalabs@ostryalabs-5:~/Muralee/rails_projects/sample_app (static-pages)$ git log
commit 16358f7d7a119e1372bcf5abd99ea97ff325c545
Author: Muralee Mohan <muraleem3@gmail.com>
Date:   Thu Mar 20 12:59:05 2014 +0530

    Add A Staticpages Controller

commit ac1f3cf013de7625910feb500f1e0b931808af3a
Author: Muralee Mohan <muraleem3@gmail.com>
Date:   Thu Mar 20 11:48:34 2014 +0530

    Initial Commit

+++++++++++++++++++++++++++++++++++++++++++++++++++++++++++++++++++++++++++++++++++++++++++++++++
ostryalabs@ostryalabs-5:~/Muralee/rails_projects/sample_app (static-pages)$ subl .
^C
ostryalabs@ostryalabs-5:~/Muralee/rails_projects/sample_app (static-pages)$ bundle exec rspec spec/requests/static_pages_spec.rb

FF

Failures:

  1) Static pages Home page should have the content 'Sample App'
     Failure/Error: visit '/static_pages/home'
     NoMethodError:
       undefined method `visit' for #<RSpec::ExampleGroups::StaticPages_2::HomePage:0x007fdbb1025870>
     # ./spec/requests/static_pages_spec.rb:17:in `block (3 levels) in <top (required)>'

  2) StaticPages GET /static_pages works! (now write some real specs)
     Failure/Error: get static_pages_index_path
     NameError:
       undefined local variable or method `static_pages_index_path' for #<RSpec::ExampleGroups::StaticPages::GETStaticPages:0x007fdbb104f7d8>
     # ./spec/requests/static_pages_spec.rb:6:in `block (3 levels) in <top (required)>'

Finished in 0.00242 seconds
2 examples, 2 failures

Failed examples:

rspec ./spec/requests/static_pages_spec.rb:16 # Static pages Home page should have the content 'Sample App'
rspec ./spec/requests/static_pages_spec.rb:5 # StaticPages GET /static_pages works! (now write some real specs)

Randomized with seed 6493

ostryalabs@ostryalabs-5:~/Muralee/rails_projects/sample_app (static-pages)$ bundle exec rspec spec/requests/static_pages_spec.rb
FF

Failures:

  1) StaticPages GET /static_pages works! (now write some real specs)
     Failure/Error: get static_pages_index_path
     NameError:
       undefined local variable or method `static_pages_index_path' for #<RSpec::ExampleGroups::StaticPages::GETStaticPages:0x007fc72a66d868>
     # ./spec/requests/static_pages_spec.rb:6:in `block (3 levels) in <top (required)>'

  2) Static pages Home page should have the content 'Sample App'
     Failure/Error: visit '/static_pages/home'
     NoMethodError:
       undefined method `visit' for #<RSpec::ExampleGroups::StaticPages_2::HomePage:0x007fc72a693810>
     # ./spec/requests/static_pages_spec.rb:17:in `block (3 levels) in <top (required)>'

Finished in 0.0027 seconds
2 examples, 2 failures

Failed examples:

rspec ./spec/requests/static_pages_spec.rb:5 # StaticPages GET /static_pages works! (now write some real specs)
rspec ./spec/requests/static_pages_spec.rb:16 # Static pages Home page should have the content 'Sample App'

Randomized with seed 27309

ostryalabs@ostryalabs-5:~/Muralee/rails_projects/sample_app (static-pages)$ bundle exec rspec spec/requests/static_pages_spec.rb
FF

Failures:

  1) Static pages Home page should have the content 'Sample App'
     Failure/Error: visit '/static_pages/home'
     NoMethodError:
       undefined method `visit' for #<RSpec::ExampleGroups::StaticPages_2::HomePage:0x007fbcfd3cd798>
     # ./spec/requests/static_pages_spec.rb:17:in `block (3 levels) in <top (required)>'

  2) StaticPages GET /static_pages works! (now write some real specs)
     Failure/Error: get static_pages_index_path
     NameError:
       undefined local variable or method `static_pages_index_path' for #<RSpec::ExampleGroups::StaticPages::GETStaticPages:0x007fbcfd3f7728>
     # ./spec/requests/static_pages_spec.rb:6:in `block (3 levels) in <top (required)>'

Finished in 0.00273 seconds
2 examples, 2 failures

Failed examples:

rspec ./spec/requests/static_pages_spec.rb:16 # Static pages Home page should have the content 'Sample App'
rspec ./spec/requests/static_pages_spec.rb:5 # StaticPages GET /static_pages works! (now write some real specs)

Randomized with seed 23564

++++++++++++++++++++++++++++++++++++++++++++++++++++++++++++

# This file is copied to spec/ when you run 'rails generate rspec:install'
.
.
.
RSpec.configure do |config|
  .
  .
  .
  config.include Capybara::DSL
end

++++++++++++++++++++++++++++++++++++++++++++++++++++
ostryalabs@ostryalabs-5:~/Muralee/rails_projects/sample_app (static-pages)$ rspec spec/requests/static_pages_spec.rb
F.

Failures:

  1) StaticPages GET /static_pages works! (now write some real specs)
     Failure/Error: get static_pages_index_path
     NameError:
       undefined local variable or method `static_pages_index_path' for #<RSpec::ExampleGroups::StaticPages::GETStaticPages:0x007fdf9a5450e8>
     # ./spec/requests/static_pages_spec.rb:6:in `block (3 levels) in <top (required)>'

Finished in 0.05681 seconds
2 examples, 1 failure

Failed examples:

rspec ./spec/requests/static_pages_spec.rb:5 # StaticPages GET /static_pages works! (now write some real specs)

Randomized with seed 48260

+++++++++++++++++++++++++++++++++++++++++++++++++
ostryalabs@ostryalabs-5:~/Muralee/rails_projects/sample_app (static-pages)$ rspec spec/requests/static_pages_spec.rbF

Failures:

  1) Static pages Home page should have the content 'Sample App'
     Failure/Error: visit '/static_pages/home'
     NoMethodError:
       undefined method `visit' for #<RSpec::ExampleGroups::StaticPages::HomePage:0x007f84a8413d70>
     # ./spec/requests/static_pages_spec.rb:17:in `block (3 levels) in <top (required)>'

Finished in 0.00033 seconds
1 example, 1 failure

Failed examples:

rspec ./spec/requests/static_pages_spec.rb:16 # Static pages Home page should have the content 'Sample App'
ostryalabs@ostryalabs-5:~/Muralee/rails_projects/sample_app (static-pages)$ rspec spec/requests/static_pages_spec.rb
.

Finished in 0.05572 seconds
1 example, 0 failures

Randomized with seed 43988
+++++++++++++++++++++++++++++++++++++++++++++++++++++++
ostryalabs@ostryalabs-5:~/Muralee/rails_projects/sample_app (static-pages)$ rspec spec/requests/static_pages_spec.rb
F.

Failures:

  1) Help page should have the content 'Help'
     Failure/Error: expect(page).to have_content('Help')
       expected #has_content?("Help") to return true, got false
     # ./spec/requests/static_pages_spec.rb:27:in `block (2 levels) in <top (required)>'

Finished in 0.06243 seconds
2 examples, 1 failure

Failed examples:

rspec ./spec/requests/static_pages_spec.rb:25 # Help page should have the content 'Help'

Randomized with seed 56503
+++++++++++++++++++++++++++++++++++++++++++++++++++++++
ostryalabs@ostryalabs-5:~/Muralee/rails_projects/sample_app (static-pages)$ rspec spec/requests/static_pages_spec.rb
F.

Failures:

  1) Help page should have the content 'Help'
     Failure/Error: expect(page).to have_content('Help')
       expected #has_content?("Help") to return true, got false
     # ./spec/requests/static_pages_spec.rb:27:in `block (2 levels) in <top (required)>'

Finished in 0.06243 seconds
2 examples, 1 failure

Failed examples:

rspec ./spec/requests/static_pages_spec.rb:25 # Help page should have the content 'Help'

Randomized with seed 56503

ostryalabs@ostryalabs-5:~/Muralee/rails_projects/sample_app (static-pages)$ rspec spec/requests/static_pages_spec.rb
..

Finished in 0.061 seconds
2 examples, 0 failures

Randomized with seed 22006




+++++++++++++++++Adding About Page++++++++++++++++++++++++++++++++++++++++++++++++++++++++++++++++++++++++++++++++
ostryalabs@ostryalabs-5:~/Muralee/rails_projects/sample_app (static-pages)$ rspec spec/requests/static_pages_spec.rb
..F

Failures:

  1) About page should have the content 'About Us'
     Failure/Error: visit '/static_pages/about'
     ActionController::RoutingError:
       ** No route matches [GET] "/static_pages/about" **
     # ./spec/requests/static_pages_spec.rb:33:in `block (2 levels) in <top (required)>'

Finished in 0.0631 seconds
3 examples, 1 failure

Failed examples:

rspec ./spec/requests/static_pages_spec.rb:32 # About page should have the content 'About Us'

Randomized with seed 60315


************
Adding the about route. 
config/routes.rb
SampleApp::Application.routes.draw do
  get "static_pages/home"
  get "static_pages/help"
  get "static_pages/about"
  .
  .
  .
end
************

ostryalabs@ostryalabs-5:~/Muralee/rails_projects/sample_app (static-pages)$ rspec spec/requests/static_pages_spec.rb
.F.

Failures:

  1) About page should have the content 'About Us'
     Failure/Error: visit '/static_pages/about'
     AbstractController::ActionNotFound:
     **  The action 'about' could not be found for StaticPagesController **
     # ./spec/requests/static_pages_spec.rb:33:in `block (2 levels) in <top (required)>'

Finished in 0.06459 seconds
3 examples, 1 failure

Failed examples:

rspec ./spec/requests/static_pages_spec.rb:32 # About page should have the content 'About Us'

Randomized with seed 11096

********************
The StaticPages controller with added about action. 
app/controllers/static_pages_controller.rb
class StaticPagesController < ApplicationController

  def home
  end

  def help
  end

  def about
  end
end
******************
ostryalabs@ostryalabs-5:~/Muralee/rails_projects/sample_app (static-pages)$ rspec spec/requests/static_pages_spec.rb
.F.

Failures:

  1) About page should have the content 'About Us'
     Failure/Error: visit '/static_pages/about'
     ActionView::MissingTemplate:
       Missing template static_pages/about, application/about with {:locale=>[:en], :formats=>[:html], :handlers=>[:erb, :builder, :raw, :ruby, :jbuilder, :coffee]}. Searched in:
         * "/home/ostryalabs/Muralee/rails_projects/sample_app/app/views"
     # ./spec/requests/static_pages_spec.rb:33:in `block (2 levels) in <top (required)>'

Finished in 0.08037 seconds
3 examples, 1 failure

Failed examples:

rspec ./spec/requests/static_pages_spec.rb:32 # About page should have the content 'About Us'

Randomized with seed 19663

********************
Code for the About page. 
app/views/static_pages/about.html.erb
<h1>About Us</h1>
<p>
  The <a href="http://railstutorial.org/">Ruby on Rails Tutorial</a>
  is a project to make a book and screencasts to teach web development
  with <a href="http://rubyonrails.org/">Ruby on Rails</a>. This
  is the sample application for the tutorial.
</p>

******************
rspec ./spec/requests/static_pages_spec.rb:32 # About page should have the content 'About Us'

Randomized with seed 48747

ostryalabs@ostryalabs-5:~/Muralee/rails_projects/sample_app (static-pages)$ rspec spec/requests/static_pages_spec.rb
...

Finished in 0.06503 seconds
3 examples, 0 failures

Randomized with seed 48707
******
Case sensitive "About us" indtead of "About Us" will give -ve
******


+++++++Testing a title change++++++++++++++++++++++++++++++++++++++++++++++++++++++++++++++++++++++++++++++++++++++++++

Addet similar code to help and about  ******

it "should have the title 'Home'" do
      visit '/static_pages/home'
      expect(page).to have_title("Ruby on Rails Tutorial Sample App | Home")
    end

		**************
ostryalabs@ostryalabs-5:~/Muralee/rails_projects/sample_app (static-pages)$ rspec spec/requests/static_pages_spec.rb
F.F.F.

Failures:

  1) Static pages Help page should have the title 'Help'
     Failure/Error: expect(page).to have_title("Ruby on Rails Tutorial Sample App | Help")
       expected #has_title?("Ruby on Rails Tutorial Sample App | Help") to return true, got false
     # ./spec/requests/static_pages_spec.rb:37:in `block (3 levels) in <top (required)>'

  2) Static pages Home page should have the title 'Home'
     Failure/Error: expect(page).to have_title("Ruby on Rails Tutorial Sample App | Home")
       expected #has_title?("Ruby on Rails Tutorial Sample App | Home") to return true, got false
     # ./spec/requests/static_pages_spec.rb:23:in `block (3 levels) in <top (required)>'

  3) Static pages About page should have the title 'About Us'
     Failure/Error: expect(page).to have_title("Ruby on Rails Tutorial Sample App | About Us")
       expected #has_title?("Ruby on Rails Tutorial Sample App | About Us") to return true, got false
     # ./spec/requests/static_pages_spec.rb:49:in `block (3 levels) in <top (required)>'

Finished in 0.07621 seconds
6 examples, 3 failures

Failed examples:

rspec ./spec/requests/static_pages_spec.rb:35 # Static pages Help page should have the title 'Help'
rspec ./spec/requests/static_pages_spec.rb:21 # Static pages Home page should have the title 'Home'
rspec ./spec/requests/static_pages_spec.rb:47 # Static pages About page should have the title 'About Us'

Randomized with seed 44485

add similar to help and about ************
<head>
    <title>Ruby on Rails Tutorial Sample App | Home</title>
  </head>
			*********************	


ostryalabs@ostryalabs-5:~/Muralee/rails_projects/sample_app (static-pages)$ rspec spec/requests/static_pages_spec.rb
......

Finished in 0.07575 seconds
6 examples, 0 failures

Randomized with seed 21151

+++++++++++++++++++++++++++++++++++++++++++++++++++++++++++++++++++++++++++++++++++++++++++++++

$ mv app/views/layouts/application.html.erb foobar   # temporary change
(mv is a Unix command; on Windows you may need to rename the file using the file browser or the rename command.) You wouldn’t normally do this in a real application, but it’s easier to understand the purpose of the 	

+++++++++++++++++++++++++++++++++++++++++++++++++++++++++++++++++++++++++++++++++++++++++++++++++
The view for the Home page with an Embedded Ruby title. 
app/views/static_pages/home.html.erb
<% provide(:title, 'Home') %>
<!DOCTYPE html>
<html>
  <head>
    <title>Ruby on Rails Tutorial Sample App | <%= yield(:title) %></title>
  </head>
  <body>
    <h1>Sample App</h1>
    <p>
      This is the home page for the
      <a href="http://railstutorial.org/">Ruby on Rails Tutorial</a>
      sample application.
    </p>
  </body>
</html>


++++++++++ Eliminating duplication with layouts++++++++++++++++++++++++++++++++++++++++++++++++++++++++++++++++++++++++++++++++++++++

The sample application site layout. 
app/views/layouts/application.html.erb
<!DOCTYPE html>
<html>
<head>
  <title>Ruby on Rails Tutorial Sample App | <%= yield(:title) %></title>
  <%= stylesheet_link_tag    "application", media: "all",
                                            "data-turbolinks-track" => true %>
  <%= javascript_include_tag "application", "data-turbolinks-track" => true %>
  <%= csrf_meta_tags %>
</head>
<body>

<%= yield %>

</body>
</html>
********
The Home page with HTML structure removed. 
app/views/static_pages/home.html.erb

<% provide(:title, 'Home') %>
<h1>Sample App</h1>
<p>
  This is the home page for the
  <a href="http://railstutorial.org/">Ruby on Rails Tutorial</a>
  sample application.
</p>

********


ostryalabs@ostryalabs-5:~/Muralee/rails_projects/sample_app (static-pages)$ rspec spec/requests/static_pages_spec.rb
......

Finished in 0.07852 seconds
6 examples, 0 failures

Randomized with seed 33381

+++++++++++++++++++++++++++++++++++++++++++++++++++++++++++++++++++++++++++++++++++++++++++++++++++++++++++++++++++++

+++++++++++++++++++++++++++++++++++++++++++++++++++++++++++++++++++++++++++++++++++++++++++++++++++++++++++++++++++++

+++++++++++++++++++++++++++++++++++++++++++++++++++++++++++++++++++++++++++++++++++++++++++++++++++++++++++++++++++++

+++++++++++++++++++++++++++++++++++++++++++++++++++++++++++++++++++++++++++++++++++++++++++++++++++++++++++++++++++++

+++++++++++++++++++++++++++++++++++++++++++++++++++++++++++++++++++++++++++++++++++++++++++++++++++++++++++++++++++++




